<?xml version="1.0" encoding="ISO-8859-1" ?>
<link_info>
   <banner>TI ARM Linker PC v20.2.7.LTS</banner>
   <copyright>Copyright (c) 1996-2018 Texas Instruments Incorporated</copyright>
   <link_time>0x69f91f01</link_time>
   <link_errors>0x0</link_errors>
   <output_file>integrated_1.out</output_file>
   <entry_point>
      <name>_c_int00_noargs</name>
      <address>0x5509</address>
   </entry_point>
   <input_file_list>
      <input_file id="fl-2">
         <path>.\</path>
         <kind>object</kind>
         <file>Timer.obj</file>
         <name>Timer.obj</name>
      </input_file>
      <input_file id="fl-3">
         <path>.\</path>
         <kind>object</kind>
         <file>adc.obj</file>
         <name>adc.obj</name>
      </input_file>
      <input_file id="fl-4">
         <path>.\</path>
         <kind>object</kind>
         <file>boundary_detection.obj</file>
         <name>boundary_detection.obj</name>
      </input_file>
      <input_file id="fl-5">
         <path>.\</path>
         <kind>object</kind>
         <file>button.obj</file>
         <name>button.obj</name>
      </input_file>
      <input_file id="fl-6">
         <path>.\</path>
         <kind>object</kind>
         <file>lcd.obj</file>
         <name>lcd.obj</name>
      </input_file>
      <input_file id="fl-7">
         <path>.\</path>
         <kind>object</kind>
         <file>main.obj</file>
         <name>main.obj</name>
      </input_file>
      <input_file id="fl-8">
         <path>.\</path>
         <kind>object</kind>
         <file>manual_movement.obj</file>
         <name>manual_movement.obj</name>
      </input_file>
      <input_file id="fl-9">
         <path>.\</path>
         <kind>object</kind>
         <file>movement.obj</file>
         <name>movement.obj</name>
      </input_file>
      <input_file id="fl-a">
         <path>.\</path>
         <kind>object</kind>
         <file>open_interface.obj</file>
         <name>open_interface.obj</name>
      </input_file>
      <input_file id="fl-b">
         <path>.\</path>
         <kind>object</kind>
         <file>ping.obj</file>
         <name>ping.obj</name>
      </input_file>
      <input_file id="fl-c">
         <path>.\</path>
         <kind>object</kind>
         <file>scan.obj</file>
         <name>scan.obj</name>
      </input_file>
      <input_file id="fl-d">
         <path>.\</path>
         <kind>object</kind>
         <file>servo.obj</file>
         <name>servo.obj</name>
      </input_file>
      <input_file id="fl-e">
         <path>.\</path>
         <kind>object</kind>
         <file>tm4c123gh6pm_startup_ccs.obj</file>
         <name>tm4c123gh6pm_startup_ccs.obj</name>
      </input_file>
      <input_file id="fl-f">
         <path>.\</path>
         <kind>object</kind>
         <file>uart-interrupt.obj</file>
         <name>uart-interrupt.obj</name>
      </input_file>
      <input_file id="fl-10">
         <path>.\</path>
         <kind>object</kind>
         <file>world_map.obj</file>
         <name>world_map.obj</name>
      </input_file>
      <input_file id="fl-16">
         <kind>object</kind>
         <file>&lt;internal&gt;</file>
         <name>&lt;internal&gt;</name>
      </input_file>
      <input_file id="fl-cc">
         <path>C:\ti\ccs1271\ccs\tools\compiler\ti-cgt-arm_20.2.7.LTS\lib\</path>
         <kind>archive</kind>
         <file>rtsv7M4_T_le_v4SPD16_eabi.lib</file>
         <name>s_cosf.c.obj</name>
      </input_file>
      <input_file id="fl-cd">
         <path>C:\ti\ccs1271\ccs\tools\compiler\ti-cgt-arm_20.2.7.LTS\lib\</path>
         <kind>archive</kind>
         <file>rtsv7M4_T_le_v4SPD16_eabi.lib</file>
         <name>s_sinf.c.obj</name>
      </input_file>
      <input_file id="fl-ce">
         <path>C:\ti\ccs1271\ccs\tools\compiler\ti-cgt-arm_20.2.7.LTS\lib\</path>
         <kind>archive</kind>
         <file>rtsv7M4_T_le_v4SPD16_eabi.lib</file>
         <name>s_tanf.c.obj</name>
      </input_file>
      <input_file id="fl-cf">
         <path>C:\ti\ccs1271\ccs\tools\compiler\ti-cgt-arm_20.2.7.LTS\lib\</path>
         <kind>archive</kind>
         <file>rtsv7M4_T_le_v4SPD16_eabi.lib</file>
         <name>sprintf.c.obj</name>
      </input_file>
      <input_file id="fl-d0">
         <path>C:\ti\ccs1271\ccs\tools\compiler\ti-cgt-arm_20.2.7.LTS\lib\</path>
         <kind>archive</kind>
         <file>rtsv7M4_T_le_v4SPD16_eabi.lib</file>
         <name>vsnprintf.c.obj</name>
      </input_file>
      <input_file id="fl-d1">
         <path>C:\ti\ccs1271\ccs\tools\compiler\ti-cgt-arm_20.2.7.LTS\lib\</path>
         <kind>archive</kind>
         <file>rtsv7M4_T_le_v4SPD16_eabi.lib</file>
         <name>fd_add_t2.asm.obj</name>
      </input_file>
      <input_file id="fl-d2">
         <path>C:\ti\ccs1271\ccs\tools\compiler\ti-cgt-arm_20.2.7.LTS\lib\</path>
         <kind>archive</kind>
         <file>rtsv7M4_T_le_v4SPD16_eabi.lib</file>
         <name>fd_cmp_t2.asm.obj</name>
      </input_file>
      <input_file id="fl-d3">
         <path>C:\ti\ccs1271\ccs\tools\compiler\ti-cgt-arm_20.2.7.LTS\lib\</path>
         <kind>archive</kind>
         <file>rtsv7M4_T_le_v4SPD16_eabi.lib</file>
         <name>fd_div_t2.asm.obj</name>
      </input_file>
      <input_file id="fl-d4">
         <path>C:\ti\ccs1271\ccs\tools\compiler\ti-cgt-arm_20.2.7.LTS\lib\</path>
         <kind>archive</kind>
         <file>rtsv7M4_T_le_v4SPD16_eabi.lib</file>
         <name>fd_mul_t2.asm.obj</name>
      </input_file>
      <input_file id="fl-d5">
         <path>C:\ti\ccs1271\ccs\tools\compiler\ti-cgt-arm_20.2.7.LTS\lib\</path>
         <kind>archive</kind>
         <file>rtsv7M4_T_le_v4SPD16_eabi.lib</file>
         <name>fd_toi_t2.asm.obj</name>
      </input_file>
      <input_file id="fl-d6">
         <path>C:\ti\ccs1271\ccs\tools\compiler\ti-cgt-arm_20.2.7.LTS\lib\</path>
         <kind>archive</kind>
         <file>rtsv7M4_T_le_v4SPD16_eabi.lib</file>
         <name>fd_tos_t2.asm.obj</name>
      </input_file>
      <input_file id="fl-d7">
         <path>C:\ti\ccs1271\ccs\tools\compiler\ti-cgt-arm_20.2.7.LTS\lib\</path>
         <kind>archive</kind>
         <file>rtsv7M4_T_le_v4SPD16_eabi.lib</file>
         <name>fs_tod_t2.asm.obj</name>
      </input_file>
      <input_file id="fl-d8">
         <path>C:\ti\ccs1271\ccs\tools\compiler\ti-cgt-arm_20.2.7.LTS\lib\</path>
         <kind>archive</kind>
         <file>rtsv7M4_T_le_v4SPD16_eabi.lib</file>
         <name>i_tofd_t2.asm.obj</name>
      </input_file>
      <input_file id="fl-d9">
         <path>C:\ti\ccs1271\ccs\tools\compiler\ti-cgt-arm_20.2.7.LTS\lib\</path>
         <kind>archive</kind>
         <file>rtsv7M4_T_le_v4SPD16_eabi.lib</file>
         <name>memcpy_t2.asm.obj</name>
      </input_file>
      <input_file id="fl-da">
         <path>C:\ti\ccs1271\ccs\tools\compiler\ti-cgt-arm_20.2.7.LTS\lib\</path>
         <kind>archive</kind>
         <file>rtsv7M4_T_le_v4SPD16_eabi.lib</file>
         <name>u_tofd_t2.asm.obj</name>
      </input_file>
      <input_file id="fl-db">
         <path>C:\ti\ccs1271\ccs\tools\compiler\ti-cgt-arm_20.2.7.LTS\lib\</path>
         <kind>archive</kind>
         <file>rtsv7M4_T_le_v4SPD16_eabi.lib</file>
         <name>memset_t2.asm.obj</name>
      </input_file>
      <input_file id="fl-dc">
         <path>C:\ti\ccs1271\ccs\tools\compiler\ti-cgt-arm_20.2.7.LTS\lib\</path>
         <kind>archive</kind>
         <file>rtsv7M4_T_le_v4SPD16_eabi.lib</file>
         <name>copy_zero_init.c.obj</name>
      </input_file>
      <input_file id="fl-dd">
         <path>C:\ti\ccs1271\ccs\tools\compiler\ti-cgt-arm_20.2.7.LTS\lib\</path>
         <kind>archive</kind>
         <file>rtsv7M4_T_le_v4SPD16_eabi.lib</file>
         <name>copy_decompress_none.c.obj</name>
      </input_file>
      <input_file id="fl-de">
         <path>C:\ti\ccs1271\ccs\tools\compiler\ti-cgt-arm_20.2.7.LTS\lib\</path>
         <kind>archive</kind>
         <file>rtsv7M4_T_le_v4SPD16_eabi.lib</file>
         <name>copy_decompress_lzss.c.obj</name>
      </input_file>
      <input_file id="fl-df">
         <path>C:\ti\ccs1271\ccs\tools\compiler\ti-cgt-arm_20.2.7.LTS\lib\</path>
         <kind>archive</kind>
         <file>rtsv7M4_T_le_v4SPD16_eabi.lib</file>
         <name>memory.c.obj</name>
      </input_file>
      <input_file id="fl-e0">
         <path>C:\ti\ccs1271\ccs\tools\compiler\ti-cgt-arm_20.2.7.LTS\lib\</path>
         <kind>archive</kind>
         <file>rtsv7M4_T_le_v4SPD16_eabi.lib</file>
         <name>strcmp.c.obj</name>
      </input_file>
      <input_file id="fl-e1">
         <path>C:\ti\ccs1271\ccs\tools\compiler\ti-cgt-arm_20.2.7.LTS\lib\</path>
         <kind>archive</kind>
         <file>rtsv7M4_T_le_v4SPD16_eabi.lib</file>
         <name>strcpy.c.obj</name>
      </input_file>
      <input_file id="fl-e2">
         <path>C:\ti\ccs1271\ccs\tools\compiler\ti-cgt-arm_20.2.7.LTS\lib\</path>
         <kind>archive</kind>
         <file>rtsv7M4_T_le_v4SPD16_eabi.lib</file>
         <name>strlen.c.obj</name>
      </input_file>
      <input_file id="fl-e3">
         <path>C:\ti\ccs1271\ccs\tools\compiler\ti-cgt-arm_20.2.7.LTS\lib\</path>
         <kind>archive</kind>
         <file>rtsv7M4_T_le_v4SPD16_eabi.lib</file>
         <name>boot_cortex_m.c.obj</name>
      </input_file>
      <input_file id="fl-e4">
         <path>C:\ti\ccs1271\ccs\tools\compiler\ti-cgt-arm_20.2.7.LTS\lib\</path>
         <kind>archive</kind>
         <file>rtsv7M4_T_le_v4SPD16_eabi.lib</file>
         <name>_printfi.c.obj</name>
      </input_file>
      <input_file id="fl-e5">
         <path>C:\ti\ccs1271\ccs\tools\compiler\ti-cgt-arm_20.2.7.LTS\lib\</path>
         <kind>archive</kind>
         <file>rtsv7M4_T_le_v4SPD16_eabi.lib</file>
         <name>ull_div_t2.asm.obj</name>
      </input_file>
      <input_file id="fl-e6">
         <path>C:\ti\ccs1271\ccs\tools\compiler\ti-cgt-arm_20.2.7.LTS\lib\</path>
         <kind>archive</kind>
         <file>rtsv7M4_T_le_v4SPD16_eabi.lib</file>
         <name>autoinit.c.obj</name>
      </input_file>
      <input_file id="fl-e7">
         <path>C:\ti\ccs1271\ccs\tools\compiler\ti-cgt-arm_20.2.7.LTS\lib\</path>
         <kind>archive</kind>
         <file>rtsv7M4_T_le_v4SPD16_eabi.lib</file>
         <name>pre_init.c.obj</name>
      </input_file>
      <input_file id="fl-e8">
         <path>C:\ti\ccs1271\ccs\tools\compiler\ti-cgt-arm_20.2.7.LTS\lib\</path>
         <kind>archive</kind>
         <file>rtsv7M4_T_le_v4SPD16_eabi.lib</file>
         <name>cpy_tbl.c.obj</name>
      </input_file>
      <input_file id="fl-e9">
         <path>C:\ti\ccs1271\ccs\tools\compiler\ti-cgt-arm_20.2.7.LTS\lib\</path>
         <kind>archive</kind>
         <file>rtsv7M4_T_le_v4SPD16_eabi.lib</file>
         <name>exit.c.obj</name>
      </input_file>
      <input_file id="fl-ea">
         <path>C:\ti\ccs1271\ccs\tools\compiler\ti-cgt-arm_20.2.7.LTS\lib\</path>
         <kind>archive</kind>
         <file>rtsv7M4_T_le_v4SPD16_eabi.lib</file>
         <name>_lock.c.obj</name>
      </input_file>
      <input_file id="fl-eb">
         <path>C:\ti\ccs1271\ccs\tools\compiler\ti-cgt-arm_20.2.7.LTS\lib\</path>
         <kind>archive</kind>
         <file>rtsv7M4_T_le_v4SPD16_eabi.lib</file>
         <name>_ltoa.c.obj</name>
      </input_file>
      <input_file id="fl-ec">
         <path>C:\ti\ccs1271\ccs\tools\compiler\ti-cgt-arm_20.2.7.LTS\lib\</path>
         <kind>archive</kind>
         <file>rtsv7M4_T_le_v4SPD16_eabi.lib</file>
         <name>args_main.c.obj</name>
      </input_file>
      <input_file id="fl-ed">
         <path>C:\ti\ccs1271\ccs\tools\compiler\ti-cgt-arm_20.2.7.LTS\lib\</path>
         <kind>archive</kind>
         <file>rtsv7M4_T_le_v4SPD16_eabi.lib</file>
         <name>atoi.c.obj</name>
      </input_file>
      <input_file id="fl-ee">
         <path>C:\ti\ccs1271\ccs\tools\compiler\ti-cgt-arm_20.2.7.LTS\lib\</path>
         <kind>archive</kind>
         <file>rtsv7M4_T_le_v4SPD16_eabi.lib</file>
         <name>ctype.c.obj</name>
      </input_file>
      <input_file id="fl-ef">
         <path>C:\ti\ccs1271\ccs\tools\compiler\ti-cgt-arm_20.2.7.LTS\lib\</path>
         <kind>archive</kind>
         <file>rtsv7M4_T_le_v4SPD16_eabi.lib</file>
         <name>memccpy.c.obj</name>
      </input_file>
      <input_file id="fl-f0">
         <path>C:\ti\ccs1271\ccs\tools\compiler\ti-cgt-arm_20.2.7.LTS\lib\</path>
         <kind>archive</kind>
         <file>rtsv7M4_T_le_v4SPD16_eabi.lib</file>
         <name>strchr.c.obj</name>
      </input_file>
      <input_file id="fl-f1">
         <path>C:\ti\ccs1271\ccs\tools\compiler\ti-cgt-arm_20.2.7.LTS\lib\</path>
         <kind>archive</kind>
         <file>rtsv7M4_T_le_v4SPD16_eabi.lib</file>
         <name>errno.c.obj</name>
      </input_file>
      <input_file id="fl-f2">
         <path>C:\ti\ccs1271\ccs\tools\compiler\ti-cgt-arm_20.2.7.LTS\lib\</path>
         <kind>archive</kind>
         <file>rtsv7M4_T_le_v4SPD16_eabi.lib</file>
         <name>wcslen.c.obj</name>
      </input_file>
      <input_file id="fl-f3">
         <path>C:\ti\ccs1271\ccs\tools\compiler\ti-cgt-arm_20.2.7.LTS\lib\</path>
         <kind>archive</kind>
         <file>rtsv7M4_T_le_v4SPD16_eabi.lib</file>
         <name>s_frexp.c.obj</name>
      </input_file>
      <input_file id="fl-f4">
         <path>C:\ti\ccs1271\ccs\tools\compiler\ti-cgt-arm_20.2.7.LTS\lib\</path>
         <kind>archive</kind>
         <file>rtsv7M4_T_le_v4SPD16_eabi.lib</file>
         <name>s_scalbn.c.obj</name>
      </input_file>
      <input_file id="fl-f5">
         <path>C:\ti\ccs1271\ccs\tools\compiler\ti-cgt-arm_20.2.7.LTS\lib\</path>
         <kind>archive</kind>
         <file>rtsv7M4_T_le_v4SPD16_eabi.lib</file>
         <name>div0.asm.obj</name>
      </input_file>
      <input_file id="fl-f6">
         <path>C:\ti\ccs1271\ccs\tools\compiler\ti-cgt-arm_20.2.7.LTS\lib\</path>
         <kind>archive</kind>
         <file>rtsv7M4_T_le_v4SPD16_eabi.lib</file>
         <name>s_copysign.c.obj</name>
      </input_file>
      <input_file id="fl-f7">
         <path>C:\ti\TivaWare_C_Series-2.2.0.295\driverlib\ccs\Debug\</path>
         <kind>archive</kind>
         <file>driverlib.lib</file>
         <name>interrupt.obj</name>
      </input_file>
      <input_file id="fl-f8">
         <path>C:\ti\TivaWare_C_Series-2.2.0.295\driverlib\ccs\Debug\</path>
         <kind>archive</kind>
         <file>driverlib.lib</file>
         <name>cpu.obj</name>
      </input_file>
   </input_file_list>
   <object_component_list>
      <object_component id="oc-12">
         <name>.intvecs</name>
         <load_address>0x0</load_address>
         <run_address>0x0</run_address>
         <size>0x26c</size>
         <input_file_ref idref="fl-e"/>
      </object_component>
      <object_component id="oc-e9">
         <name>.text</name>
         <load_address>0x26c</load_address>
         <run_address>0x26c</run_address>
         <size>0xc20</size>
         <input_file_ref idref="fl-a"/>
      </object_component>
      <object_component id="oc-ef">
         <name>.text</name>
         <load_address>0xe8c</load_address>
         <run_address>0xe8c</run_address>
         <size>0xb18</size>
         <input_file_ref idref="fl-10"/>
      </object_component>
      <object_component id="oc-26f">
         <name>.text:__TI_printfi</name>
         <load_address>0x19a4</load_address>
         <run_address>0x19a4</run_address>
         <size>0xa4e</size>
         <input_file_ref idref="fl-e4"/>
      </object_component>
      <object_component id="oc-312">
         <name>.text:_nop</name>
         <load_address>0x23f2</load_address>
         <run_address>0x23f2</run_address>
         <size>0x2</size>
         <input_file_ref idref="fl-ea"/>
      </object_component>
      <object_component id="oc-21d">
         <name>.text</name>
         <load_address>0x23f4</load_address>
         <run_address>0x23f4</run_address>
         <size>0x3b8</size>
         <input_file_ref idref="fl-9"/>
      </object_component>
      <object_component id="oc-197">
         <name>.text</name>
         <load_address>0x27ac</load_address>
         <run_address>0x27ac</run_address>
         <size>0x348</size>
         <input_file_ref idref="fl-d"/>
      </object_component>
      <object_component id="oc-dd">
         <name>.text</name>
         <load_address>0x2af4</load_address>
         <run_address>0x2af4</run_address>
         <size>0x328</size>
         <input_file_ref idref="fl-6"/>
      </object_component>
      <object_component id="oc-f5">
         <name>.text</name>
         <load_address>0x2e1c</load_address>
         <run_address>0x2e1c</run_address>
         <size>0x2dc</size>
         <input_file_ref idref="fl-4"/>
      </object_component>
      <object_component id="oc-191">
         <name>.text</name>
         <load_address>0x30f8</load_address>
         <run_address>0x30f8</run_address>
         <size>0x280</size>
         <input_file_ref idref="fl-b"/>
      </object_component>
      <object_component id="oc-35d">
         <name>.text:_pconv_a</name>
         <load_address>0x3378</load_address>
         <run_address>0x3378</run_address>
         <size>0x270</size>
         <input_file_ref idref="fl-e4"/>
      </object_component>
      <object_component id="oc-d7">
         <name>.text</name>
         <load_address>0x35e8</load_address>
         <run_address>0x35e8</run_address>
         <size>0x248</size>
         <input_file_ref idref="fl-2"/>
      </object_component>
      <object_component id="oc-17f">
         <name>.text</name>
         <load_address>0x3830</load_address>
         <run_address>0x3830</run_address>
         <size>0x1dc</size>
         <input_file_ref idref="fl-f"/>
      </object_component>
      <object_component id="oc-34b">
         <name>.text:_pconv_g</name>
         <load_address>0x3a0c</load_address>
         <run_address>0x3a0c</run_address>
         <size>0x1d0</size>
         <input_file_ref idref="fl-e4"/>
      </object_component>
      <object_component id="oc-e3">
         <name>.text</name>
         <load_address>0x3bdc</load_address>
         <run_address>0x3bdc</run_address>
         <size>0x1b8</size>
         <input_file_ref idref="fl-c"/>
      </object_component>
      <object_component id="oc-1da">
         <name>.text</name>
         <load_address>0x3d94</load_address>
         <run_address>0x3d94</run_address>
         <size>0x1b6</size>
         <input_file_ref idref="fl-d1"/>
      </object_component>
      <object_component id="oc-42a">
         <name>.text</name>
         <load_address>0x3f4a</load_address>
         <run_address>0x3f4a</run_address>
         <size>0x2</size>
         <input_file_ref idref="fl-f5"/>
      </object_component>
      <object_component id="oc-fb">
         <name>.text</name>
         <load_address>0x3f4c</load_address>
         <run_address>0x3f4c</run_address>
         <size>0x19c</size>
         <input_file_ref idref="fl-8"/>
      </object_component>
      <object_component id="oc-357">
         <name>.text:_pconv_e</name>
         <load_address>0x40e8</load_address>
         <run_address>0x40e8</run_address>
         <size>0x13c</size>
         <input_file_ref idref="fl-e4"/>
      </object_component>
      <object_component id="oc-1d0">
         <name>.text</name>
         <load_address>0x4224</load_address>
         <run_address>0x4224</run_address>
         <size>0x136</size>
         <input_file_ref idref="fl-d3"/>
      </object_component>
      <object_component id="oc-3da">
         <name>.text:fcvt</name>
         <load_address>0x435c</load_address>
         <run_address>0x435c</run_address>
         <size>0x124</size>
         <input_file_ref idref="fl-e4"/>
      </object_component>
      <object_component id="oc-3ee">
         <name>.text:scalbn</name>
         <load_address>0x4480</load_address>
         <run_address>0x4480</run_address>
         <size>0x110</size>
         <input_file_ref idref="fl-f4"/>
      </object_component>
      <object_component id="oc-397">
         <name>.text:aligned_alloc</name>
         <load_address>0x4590</load_address>
         <run_address>0x4590</run_address>
         <size>0x100</size>
         <input_file_ref idref="fl-df"/>
      </object_component>
      <object_component id="oc-1cb">
         <name>.text</name>
         <load_address>0x4690</load_address>
         <run_address>0x4690</run_address>
         <size>0xfc</size>
         <input_file_ref idref="fl-d4"/>
      </object_component>
      <object_component id="oc-18b">
         <name>.text</name>
         <load_address>0x478c</load_address>
         <run_address>0x478c</run_address>
         <size>0xe4</size>
         <input_file_ref idref="fl-3"/>
      </object_component>
      <object_component id="oc-1b5">
         <name>.text:free</name>
         <load_address>0x4870</load_address>
         <run_address>0x4870</run_address>
         <size>0xe4</size>
         <input_file_ref idref="fl-df"/>
      </object_component>
      <object_component id="oc-1ef">
         <name>.text:cosf</name>
         <load_address>0x4954</load_address>
         <run_address>0x4954</run_address>
         <size>0xb4</size>
         <input_file_ref idref="fl-cc"/>
      </object_component>
      <object_component id="oc-345">
         <name>.text:_ltostr</name>
         <load_address>0x4a08</load_address>
         <run_address>0x4a08</run_address>
         <size>0xb1</size>
         <input_file_ref idref="fl-e4"/>
      </object_component>
      <object_component id="oc-201">
         <name>.text:tanf</name>
         <load_address>0x4abc</load_address>
         <run_address>0x4abc</run_address>
         <size>0xac</size>
         <input_file_ref idref="fl-ce"/>
      </object_component>
      <object_component id="oc-1f5">
         <name>.text:sinf</name>
         <load_address>0x4b68</load_address>
         <run_address>0x4b68</run_address>
         <size>0xa4</size>
         <input_file_ref idref="fl-cd"/>
      </object_component>
      <object_component id="oc-3e">
         <name>.text</name>
         <load_address>0x4c0c</load_address>
         <run_address>0x4c0c</run_address>
         <size>0x9c</size>
         <input_file_ref idref="fl-d9"/>
      </object_component>
      <object_component id="oc-3c1">
         <name>.text</name>
         <load_address>0x4ca8</load_address>
         <run_address>0x4ca8</run_address>
         <size>0x96</size>
         <input_file_ref idref="fl-e5"/>
      </object_component>
      <object_component id="oc-185">
         <name>.text</name>
         <load_address>0x4d40</load_address>
         <run_address>0x4d40</run_address>
         <size>0x88</size>
         <input_file_ref idref="fl-5"/>
      </object_component>
      <object_component id="oc-2f9">
         <name>.text:__aeabi_cdcmple</name>
         <load_address>0x4dc8</load_address>
         <run_address>0x4dc8</run_address>
         <size>0x86</size>
         <input_file_ref idref="fl-d2"/>
      </object_component>
      <object_component id="oc-2fe">
         <name>.text:__aeabi_cdrcmple</name>
         <load_address>0x4e4e</load_address>
         <run_address>0x4e4e</run_address>
         <size>0x86</size>
         <input_file_ref idref="fl-d2"/>
      </object_component>
      <object_component id="oc-96">
         <name>.text</name>
         <load_address>0x4ed4</load_address>
         <run_address>0x4ed4</run_address>
         <size>0x7a</size>
         <input_file_ref idref="fl-db"/>
      </object_component>
      <object_component id="oc-41c">
         <name>.text:split</name>
         <load_address>0x4f50</load_address>
         <run_address>0x4f50</run_address>
         <size>0x70</size>
         <input_file_ref idref="fl-df"/>
      </object_component>
      <object_component id="oc-3d3">
         <name>.text:_mcpy</name>
         <load_address>0x4fc0</load_address>
         <run_address>0x4fc0</run_address>
         <size>0x6e</size>
         <input_file_ref idref="fl-e4"/>
      </object_component>
      <object_component id="oc-1e2">
         <name>.text</name>
         <load_address>0x502e</load_address>
         <run_address>0x502e</run_address>
         <size>0x6e</size>
         <input_file_ref idref="fl-d6"/>
      </object_component>
      <object_component id="oc-15">
         <name>.text:decompress:lzss:__TI_decompress_lzss</name>
         <load_address>0x509c</load_address>
         <run_address>0x509c</run_address>
         <size>0x68</size>
         <input_file_ref idref="fl-de"/>
      </object_component>
      <object_component id="oc-a2">
         <name>.text</name>
         <load_address>0x5104</load_address>
         <run_address>0x5104</run_address>
         <size>0x68</size>
         <input_file_ref idref="fl-7"/>
      </object_component>
      <object_component id="oc-3e8">
         <name>.text:frexp</name>
         <load_address>0x516c</load_address>
         <run_address>0x516c</run_address>
         <size>0x64</size>
         <input_file_ref idref="fl-f3"/>
      </object_component>
      <object_component id="oc-351">
         <name>.text:_pconv_f</name>
         <load_address>0x51d0</load_address>
         <run_address>0x51d0</run_address>
         <size>0x56</size>
         <input_file_ref idref="fl-e4"/>
      </object_component>
      <object_component id="oc-3c7">
         <name>.text:__TI_ltoa</name>
         <load_address>0x5226</load_address>
         <run_address>0x5226</run_address>
         <size>0x54</size>
         <input_file_ref idref="fl-eb"/>
      </object_component>
      <object_component id="oc-3cd">
         <name>.text:_ecpy</name>
         <load_address>0x527a</load_address>
         <run_address>0x527a</run_address>
         <size>0x52</size>
         <input_file_ref idref="fl-e4"/>
      </object_component>
      <object_component id="oc-33f">
         <name>.text:atoi</name>
         <load_address>0x52cc</load_address>
         <run_address>0x52cc</run_address>
         <size>0x4c</size>
         <input_file_ref idref="fl-ed"/>
      </object_component>
      <object_component id="oc-303">
         <name>.text</name>
         <load_address>0x5318</load_address>
         <run_address>0x5318</run_address>
         <size>0x48</size>
         <input_file_ref idref="fl-d5"/>
      </object_component>
      <object_component id="oc-11d">
         <name>.text:__TI_auto_init_nobinit_nopinit:__TI_auto_init_nobinit_nopinit</name>
         <load_address>0x5360</load_address>
         <run_address>0x5360</run_address>
         <size>0x44</size>
         <input_file_ref idref="fl-e6"/>
      </object_component>
      <object_component id="oc-1a2">
         <name>.text:sprintf</name>
         <load_address>0x53a4</load_address>
         <run_address>0x53a4</run_address>
         <size>0x40</size>
         <input_file_ref idref="fl-cf"/>
      </object_component>
      <object_component id="oc-163">
         <name>.text:vsnprintf</name>
         <load_address>0x53e4</load_address>
         <run_address>0x53e4</run_address>
         <size>0x40</size>
         <input_file_ref idref="fl-d0"/>
      </object_component>
      <object_component id="oc-3e0">
         <name>.text:_fcpy</name>
         <load_address>0x5424</load_address>
         <run_address>0x5424</run_address>
         <size>0x3e</size>
         <input_file_ref idref="fl-e4"/>
      </object_component>
      <object_component id="oc-1af">
         <name>.text:calloc</name>
         <load_address>0x5464</load_address>
         <run_address>0x5464</run_address>
         <size>0x38</size>
         <input_file_ref idref="fl-df"/>
      </object_component>
      <object_component id="oc-19d">
         <name>.text</name>
         <load_address>0x549c</load_address>
         <run_address>0x549c</run_address>
         <size>0x38</size>
         <input_file_ref idref="fl-d7"/>
      </object_component>
      <object_component id="oc-151">
         <name>.text:IntRegister</name>
         <load_address>0x54d4</load_address>
         <run_address>0x54d4</run_address>
         <size>0x34</size>
         <input_file_ref idref="fl-f7"/>
      </object_component>
      <object_component id="oc-5c">
         <name>.text:_c_int00_noargs:_c_int00_noargs</name>
         <load_address>0x5508</load_address>
         <run_address>0x5508</run_address>
         <size>0x34</size>
         <input_file_ref idref="fl-e3"/>
      </object_component>
      <object_component id="oc-275">
         <name>.text:_outs</name>
         <load_address>0x553c</load_address>
         <run_address>0x553c</run_address>
         <size>0x30</size>
         <input_file_ref idref="fl-d0"/>
      </object_component>
      <object_component id="oc-1d5">
         <name>.text</name>
         <load_address>0x556c</load_address>
         <run_address>0x556c</run_address>
         <size>0x2e</size>
         <input_file_ref idref="fl-d8"/>
      </object_component>
      <object_component id="oc-2c9">
         <name>.text:free_list_insert</name>
         <load_address>0x559c</load_address>
         <run_address>0x559c</run_address>
         <size>0x28</size>
         <input_file_ref idref="fl-df"/>
      </object_component>
      <object_component id="oc-2a0">
         <name>.text</name>
         <load_address>0x55c4</load_address>
         <run_address>0x55c4</run_address>
         <size>0x20</size>
         <input_file_ref idref="fl-da"/>
      </object_component>
      <object_component id="oc-2c3">
         <name>.text:free_list_remove</name>
         <load_address>0x55e4</load_address>
         <run_address>0x55e4</run_address>
         <size>0x1c</size>
         <input_file_ref idref="fl-df"/>
      </object_component>
      <object_component id="oc-363">
         <name>.text:memccpy</name>
         <load_address>0x5600</load_address>
         <run_address>0x5600</run_address>
         <size>0x1c</size>
         <input_file_ref idref="fl-ef"/>
      </object_component>
      <object_component id="oc-43d">
         <name>.text:copysign</name>
         <load_address>0x561c</load_address>
         <run_address>0x561c</run_address>
         <size>0x1a</size>
         <input_file_ref idref="fl-f6"/>
      </object_component>
      <object_component id="oc-27b">
         <name>.text:_outc</name>
         <load_address>0x5636</load_address>
         <run_address>0x5636</run_address>
         <size>0x18</size>
         <input_file_ref idref="fl-d0"/>
      </object_component>
      <object_component id="oc-2ae">
         <name>.text:_outs</name>
         <load_address>0x564e</load_address>
         <run_address>0x564e</run_address>
         <size>0x18</size>
         <input_file_ref idref="fl-cf"/>
      </object_component>
      <object_component id="oc-1bb">
         <name>.text:oi_parseInt</name>
         <load_address>0x5666</load_address>
         <run_address>0x5666</run_address>
         <size>0x18</size>
         <input_file_ref idref="fl-a"/>
      </object_component>
      <object_component id="oc-169">
         <name>.text:strcmp</name>
         <load_address>0x567e</load_address>
         <run_address>0x567e</run_address>
         <size>0x18</size>
         <input_file_ref idref="fl-e0"/>
      </object_component>
      <object_component id="oc-3f4">
         <name>.text:strchr</name>
         <load_address>0x5696</load_address>
         <run_address>0x5696</run_address>
         <size>0x16</size>
         <input_file_ref idref="fl-f0"/>
      </object_component>
      <object_component id="oc-16f">
         <name>.text:strcpy</name>
         <load_address>0x56ac</load_address>
         <run_address>0x56ac</run_address>
         <size>0x14</size>
         <input_file_ref idref="fl-e1"/>
      </object_component>
      <object_component id="oc-217">
         <name>.text:strlen</name>
         <load_address>0x56c0</load_address>
         <run_address>0x56c0</run_address>
         <size>0x14</size>
         <input_file_ref idref="fl-e2"/>
      </object_component>
      <object_component id="oc-369">
         <name>.text:wcslen</name>
         <load_address>0x56d4</load_address>
         <run_address>0x56d4</run_address>
         <size>0x12</size>
         <input_file_ref idref="fl-f2"/>
      </object_component>
      <object_component id="oc-1c2">
         <name>.text:IntMasterEnable</name>
         <load_address>0x56e6</load_address>
         <run_address>0x56e6</run_address>
         <size>0x10</size>
         <input_file_ref idref="fl-f7"/>
      </object_component>
      <object_component id="oc-15c">
         <name>.text:lcd_clear</name>
         <load_address>0x56f6</load_address>
         <run_address>0x56f6</run_address>
         <size>0x10</size>
         <input_file_ref idref="fl-6"/>
      </object_component>
      <object_component id="oc-1b">
         <name>.text:decompress:none:__TI_decompress_none</name>
         <load_address>0x5706</load_address>
         <run_address>0x5706</run_address>
         <size>0xe</size>
         <input_file_ref idref="fl-dd"/>
      </object_component>
      <object_component id="oc-2d0">
         <name>.text:CPUcpsie</name>
         <load_address>0x5714</load_address>
         <run_address>0x5714</run_address>
         <size>0xc</size>
         <input_file_ref idref="fl-f8"/>
      </object_component>
      <object_component id="oc-50">
         <name>.text:decompress:ZI:__TI_zero_init</name>
         <load_address>0x5720</load_address>
         <run_address>0x5720</run_address>
         <size>0xc</size>
         <input_file_ref idref="fl-dc"/>
      </object_component>
      <object_component id="oc-2a">
         <name>.text</name>
         <load_address>0x572c</load_address>
         <run_address>0x572c</run_address>
         <size>0xc</size>
         <input_file_ref idref="fl-e"/>
      </object_component>
      <object_component id="oc-2b4">
         <name>.text:_outc</name>
         <load_address>0x5738</load_address>
         <run_address>0x5738</run_address>
         <size>0xa</size>
         <input_file_ref idref="fl-cf"/>
      </object_component>
      <object_component id="oc-36f">
         <name>.text:__aeabi_errno_addr</name>
         <load_address>0x5744</load_address>
         <run_address>0x5744</run_address>
         <size>0x8</size>
         <input_file_ref idref="fl-f1"/>
      </object_component>
      <object_component id="oc-2bc">
         <name>.text:malloc</name>
         <load_address>0x574c</load_address>
         <run_address>0x574c</run_address>
         <size>0x8</size>
         <input_file_ref idref="fl-df"/>
      </object_component>
      <object_component id="oc-9c">
         <name>.text:_system_pre_init</name>
         <load_address>0x5754</load_address>
         <run_address>0x5754</run_address>
         <size>0x4</size>
         <input_file_ref idref="fl-e7"/>
      </object_component>
      <object_component id="oc-111">
         <name>.text:abort:abort</name>
         <load_address>0x5758</load_address>
         <run_address>0x5758</run_address>
         <size>0x4</size>
         <input_file_ref idref="fl-e9"/>
      </object_component>
      <object_component id="oc-3bc">
         <name>.const:.string:_ctypes_</name>
         <load_address>0x575c</load_address>
         <run_address>0x575c</run_address>
         <size>0x101</size>
         <input_file_ref idref="fl-ee"/>
      </object_component>
      <object_component id="oc-1df">
         <name>.const:.string:$P$T0$3</name>
         <load_address>0x585d</load_address>
         <run_address>0x585d</run_address>
         <size>0xf</size>
         <input_file_ref idref="fl-a"/>
      </object_component>
      <object_component id="oc-175">
         <name>.const:.string:lineAddress$1</name>
         <load_address>0x586c</load_address>
         <run_address>0x586c</run_address>
         <size>0x4</size>
         <input_file_ref idref="fl-6"/>
      </object_component>
      <object_component id="oc-176">
         <name>.const:.string:lineAddresses$2</name>
         <load_address>0x5870</load_address>
         <run_address>0x5870</run_address>
         <size>0x4</size>
         <input_file_ref idref="fl-6"/>
      </object_component>
      <object_component id="oc-497">
         <name>.cinit..data.load</name>
         <load_address>0x5878</load_address>
         <run_address>0x5878</run_address>
         <size>0x2a</size>
      </object_component>
      <object_component id="oc-494">
         <name>__TI_handler_table</name>
         <load_address>0x58a4</load_address>
         <run_address>0x58a4</run_address>
         <size>0xc</size>
      </object_component>
      <object_component id="oc-498">
         <name>.cinit..bss.load</name>
         <load_address>0x58b0</load_address>
         <run_address>0x58b0</run_address>
         <size>0x8</size>
      </object_component>
      <object_component id="oc-496">
         <name>.cinit..vtable.load</name>
         <load_address>0x58b8</load_address>
         <run_address>0x58b8</run_address>
         <size>0x8</size>
      </object_component>
      <object_component id="oc-495">
         <name>__TI_cinit_table</name>
         <load_address>0x58c0</load_address>
         <run_address>0x58c0</run_address>
         <size>0x18</size>
      </object_component>
      <object_component id="oc-263">
         <name>.vtable</name>
         <uninitialized>true</uninitialized>
         <run_address>0x20000000</run_address>
         <size>0x26c</size>
         <input_file_ref idref="fl-f7"/>
      </object_component>
      <object_component id="oc-157">
         <name>.data</name>
         <load_address>0x2000312d</load_address>
         <run_address>0x2000312d</run_address>
         <size>0x1</size>
         <input_file_ref idref="fl-2"/>
      </object_component>
      <object_component id="oc-223">
         <name>.data</name>
         <load_address>0x20003108</load_address>
         <run_address>0x20003108</run_address>
         <size>0x10</size>
         <input_file_ref idref="fl-4"/>
      </object_component>
      <object_component id="oc-29d">
         <name>.data</name>
         <load_address>0x20003139</load_address>
         <run_address>0x20003139</run_address>
         <size>0x1</size>
         <input_file_ref idref="fl-5"/>
      </object_component>
      <object_component id="oc-228">
         <name>.data</name>
         <load_address>0x20003124</load_address>
         <run_address>0x20003124</run_address>
         <size>0x9</size>
         <input_file_ref idref="fl-8"/>
      </object_component>
      <object_component id="oc-1c8">
         <name>.data</name>
         <load_address>0x200030e8</load_address>
         <run_address>0x200030e8</run_address>
         <size>0x20</size>
         <input_file_ref idref="fl-a"/>
      </object_component>
      <object_component id="oc-2a5">
         <name>.data</name>
         <load_address>0x20003130</load_address>
         <run_address>0x20003130</run_address>
         <size>0x9</size>
         <input_file_ref idref="fl-b"/>
      </object_component>
      <object_component id="oc-2a9">
         <name>.data</name>
         <load_address>0x2000312e</load_address>
         <run_address>0x2000312e</run_address>
         <size>0x2</size>
         <input_file_ref idref="fl-d"/>
      </object_component>
      <object_component id="oc-298">
         <name>.data</name>
         <load_address>0x2000313c</load_address>
         <run_address>0x2000313c</run_address>
         <size>0x9</size>
         <input_file_ref idref="fl-f"/>
      </object_component>
      <object_component id="oc-1fb">
         <name>.data:bot_pose</name>
         <load_address>0x20003118</load_address>
         <run_address>0x20003118</run_address>
         <size>0xc</size>
         <input_file_ref idref="fl-10"/>
      </object_component>
      <object_component id="oc-1fe">
         <name>.data</name>
         <load_address>0x20003158</load_address>
         <run_address>0x20003158</run_address>
         <size>0x8</size>
         <input_file_ref idref="fl-10"/>
      </object_component>
      <object_component id="oc-39e">
         <name>.data:$O1$$</name>
         <load_address>0x20003150</load_address>
         <run_address>0x20003150</run_address>
         <size>0x8</size>
         <input_file_ref idref="fl-df"/>
      </object_component>
      <object_component id="oc-247">
         <name>.data:$O1$$</name>
         <load_address>0x20003148</load_address>
         <run_address>0x20003148</run_address>
         <size>0x8</size>
         <input_file_ref idref="fl-ea"/>
      </object_component>
      <object_component id="oc-404">
         <name>.data</name>
         <load_address>0x20003160</load_address>
         <run_address>0x20003160</run_address>
         <size>0x4</size>
         <input_file_ref idref="fl-f1"/>
      </object_component>
      <object_component id="oc-177">
         <name>.bss:lastbuffer$3</name>
         <uninitialized>true</uninitialized>
         <run_address>0x2000306c</run_address>
         <size>0x54</size>
         <input_file_ref idref="fl-6"/>
      </object_component>
      <object_component id="oc-1e7">
         <name>.bss:firmware$2</name>
         <uninitialized>true</uninitialized>
         <run_address>0x200030c0</run_address>
         <size>0x18</size>
         <input_file_ref idref="fl-a"/>
      </object_component>
      <object_component id="oc-20a">
         <name>.bss:objects</name>
         <uninitialized>true</uninitialized>
         <run_address>0x20002dec</run_address>
         <size>0x280</size>
         <input_file_ref idref="fl-10"/>
      </object_component>
      <object_component id="oc-20d">
         <name>.bss:boundaries</name>
         <uninitialized>true</uninitialized>
         <run_address>0x20002aec</run_address>
         <size>0x300</size>
         <input_file_ref idref="fl-10"/>
      </object_component>
      <object_component id="oc-207">
         <name>.bss:scan_buf</name>
         <uninitialized>true</uninitialized>
         <run_address>0x20002270</run_address>
         <size>0x87c</size>
         <input_file_ref idref="fl-10"/>
      </object_component>
      <object_component id="oc-15a">
         <name>.common:_timeout_ticks</name>
         <uninitialized>true</uninitialized>
         <run_address>0x200030d8</run_address>
         <size>0x4</size>
      </object_component>
      <object_component id="oc-101">
         <name>.common:right_calibration</name>
         <uninitialized>true</uninitialized>
         <run_address>0x200030e0</run_address>
         <size>0x4</size>
      </object_component>
      <object_component id="oc-10a">
         <name>.common:left_calibration</name>
         <uninitialized>true</uninitialized>
         <run_address>0x200030dc</run_address>
         <size>0x4</size>
      </object_component>
      <object_component id="oc-1a8">
         <name>.common:enable_config</name>
         <uninitialized>true</uninitialized>
         <run_address>0x200030e4</run_address>
         <size>0x1</size>
      </object_component>
      <object_component id="oc-24">
         <name>.sysmem</name>
         <uninitialized>true</uninitialized>
         <run_address>0x20001270</run_address>
         <size>0x10</size>
         <input_file_ref idref="fl-df"/>
      </object_component>
      <object_component id="oc-49b">
         <name>.sysmem</name>
         <uninitialized>true</uninitialized>
         <run_address>0x20001270</run_address>
         <size>0x0</size>
      </object_component>
      <object_component id="oc-27">
         <name>.stack</name>
         <uninitialized>true</uninitialized>
         <run_address>0x20000270</run_address>
         <size>0x4</size>
         <input_file_ref idref="fl-e3"/>
      </object_component>
      <object_component id="oc-49a">
         <name>.stack</name>
         <uninitialized>true</uninitialized>
         <run_address>0x20000270</run_address>
         <size>0x0</size>
      </object_component>
      <object_component id="oc-c5">
         <name>.debug_info</name>
         <load_address>0x0</load_address>
         <run_address>0x0</run_address>
         <size>0x2b9</size>
         <input_file_ref idref="fl-2"/>
      </object_component>
      <object_component id="oc-158">
         <name>.debug_info</name>
         <load_address>0x2b9</load_address>
         <run_address>0x2b9</run_address>
         <size>0xc7</size>
         <input_file_ref idref="fl-2"/>
      </object_component>
      <object_component id="oc-d9">
         <name>.debug_info</name>
         <load_address>0x380</load_address>
         <run_address>0x380</run_address>
         <size>0x50f</size>
         <input_file_ref idref="fl-2"/>
      </object_component>
      <object_component id="oc-77">
         <name>.debug_info</name>
         <load_address>0x88f</load_address>
         <run_address>0x88f</run_address>
         <size>0x26b</size>
         <input_file_ref idref="fl-2"/>
      </object_component>
      <object_component id="oc-39">
         <name>.debug_info</name>
         <load_address>0xafa</load_address>
         <run_address>0xafa</run_address>
         <size>0x84</size>
         <input_file_ref idref="fl-2"/>
      </object_component>
      <object_component id="oc-c0">
         <name>.debug_info</name>
         <load_address>0xb7e</load_address>
         <run_address>0xb7e</run_address>
         <size>0x2a4</size>
         <input_file_ref idref="fl-2"/>
      </object_component>
      <object_component id="oc-7c">
         <name>.debug_info</name>
         <load_address>0xe22</load_address>
         <run_address>0xe22</run_address>
         <size>0xbb</size>
         <input_file_ref idref="fl-2"/>
      </object_component>
      <object_component id="oc-18c">
         <name>.debug_info</name>
         <load_address>0xedd</load_address>
         <run_address>0xedd</run_address>
         <size>0x146</size>
         <input_file_ref idref="fl-3"/>
      </object_component>
      <object_component id="oc-227">
         <name>.debug_info</name>
         <load_address>0x1023</load_address>
         <run_address>0x1023</run_address>
         <size>0x45a</size>
         <input_file_ref idref="fl-4"/>
      </object_component>
      <object_component id="oc-224">
         <name>.debug_info</name>
         <load_address>0x147d</load_address>
         <run_address>0x147d</run_address>
         <size>0x157</size>
         <input_file_ref idref="fl-4"/>
      </object_component>
      <object_component id="oc-f6">
         <name>.debug_info</name>
         <load_address>0x15d4</load_address>
         <run_address>0x15d4</run_address>
         <size>0x748</size>
         <input_file_ref idref="fl-4"/>
      </object_component>
      <object_component id="oc-212">
         <name>.debug_info</name>
         <load_address>0x1d1c</load_address>
         <run_address>0x1d1c</run_address>
         <size>0x169</size>
         <input_file_ref idref="fl-4"/>
      </object_component>
      <object_component id="oc-10c">
         <name>.debug_info</name>
         <load_address>0x1e85</load_address>
         <run_address>0x1e85</run_address>
         <size>0x99</size>
         <input_file_ref idref="fl-4"/>
      </object_component>
      <object_component id="oc-233">
         <name>.debug_info</name>
         <load_address>0x1f1e</load_address>
         <run_address>0x1f1e</run_address>
         <size>0x5aa</size>
         <input_file_ref idref="fl-4"/>
      </object_component>
      <object_component id="oc-293">
         <name>.debug_info</name>
         <load_address>0x24c8</load_address>
         <run_address>0x24c8</run_address>
         <size>0xcc</size>
         <input_file_ref idref="fl-4"/>
      </object_component>
      <object_component id="oc-17a">
         <name>.debug_info</name>
         <load_address>0x2594</load_address>
         <run_address>0x2594</run_address>
         <size>0x2c</size>
         <input_file_ref idref="fl-4"/>
      </object_component>
      <object_component id="oc-238">
         <name>.debug_info</name>
         <load_address>0x25c0</load_address>
         <run_address>0x25c0</run_address>
         <size>0x35</size>
         <input_file_ref idref="fl-4"/>
      </object_component>
      <object_component id="oc-189">
         <name>.debug_info</name>
         <load_address>0x25f5</load_address>
         <run_address>0x25f5</run_address>
         <size>0x17c</size>
         <input_file_ref idref="fl-5"/>
      </object_component>
      <object_component id="oc-179">
         <name>.debug_info</name>
         <load_address>0x2771</load_address>
         <run_address>0x2771</run_address>
         <size>0x387</size>
         <input_file_ref idref="fl-6"/>
      </object_component>
      <object_component id="oc-15e">
         <name>.debug_info</name>
         <load_address>0x2af8</load_address>
         <run_address>0x2af8</run_address>
         <size>0x11c</size>
         <input_file_ref idref="fl-6"/>
      </object_component>
      <object_component id="oc-df">
         <name>.debug_info</name>
         <load_address>0x2c14</load_address>
         <run_address>0x2c14</run_address>
         <size>0x8a8</size>
         <input_file_ref idref="fl-6"/>
      </object_component>
      <object_component id="oc-102">
         <name>.debug_info</name>
         <load_address>0x34bc</load_address>
         <run_address>0x34bc</run_address>
         <size>0x4d0</size>
         <input_file_ref idref="fl-7"/>
      </object_component>
      <object_component id="oc-a4">
         <name>.debug_info</name>
         <load_address>0x398c</load_address>
         <run_address>0x398c</run_address>
         <size>0x208</size>
         <input_file_ref idref="fl-7"/>
      </object_component>
      <object_component id="oc-22c">
         <name>.debug_info</name>
         <load_address>0x3b94</load_address>
         <run_address>0x3b94</run_address>
         <size>0x6c</size>
         <input_file_ref idref="fl-7"/>
      </object_component>
      <object_component id="oc-417">
         <name>.debug_info</name>
         <load_address>0x3c00</load_address>
         <run_address>0x3c00</run_address>
         <size>0x51</size>
         <input_file_ref idref="fl-7"/>
      </object_component>
      <object_component id="oc-1aa">
         <name>.debug_info</name>
         <load_address>0x3c51</load_address>
         <run_address>0x3c51</run_address>
         <size>0x5e</size>
         <input_file_ref idref="fl-7"/>
      </object_component>
      <object_component id="oc-104">
         <name>.debug_info</name>
         <load_address>0x3caf</load_address>
         <run_address>0x3caf</run_address>
         <size>0x47e</size>
         <input_file_ref idref="fl-8"/>
      </object_component>
      <object_component id="oc-229">
         <name>.debug_info</name>
         <load_address>0x412d</load_address>
         <run_address>0x412d</run_address>
         <size>0x11d</size>
         <input_file_ref idref="fl-8"/>
      </object_component>
      <object_component id="oc-fc">
         <name>.debug_info</name>
         <load_address>0x424a</load_address>
         <run_address>0x424a</run_address>
         <size>0x3a3</size>
         <input_file_ref idref="fl-8"/>
      </object_component>
      <object_component id="oc-309">
         <name>.debug_info</name>
         <load_address>0x45ed</load_address>
         <run_address>0x45ed</run_address>
         <size>0x38c</size>
         <input_file_ref idref="fl-9"/>
      </object_component>
      <object_component id="oc-21e">
         <name>.debug_info</name>
         <load_address>0x4979</load_address>
         <run_address>0x4979</run_address>
         <size>0xa35</size>
         <input_file_ref idref="fl-9"/>
      </object_component>
      <object_component id="oc-1e9">
         <name>.debug_info</name>
         <load_address>0x53ae</load_address>
         <run_address>0x53ae</run_address>
         <size>0x404</size>
         <input_file_ref idref="fl-a"/>
      </object_component>
      <object_component id="oc-1c9">
         <name>.debug_info</name>
         <load_address>0x57b2</load_address>
         <run_address>0x57b2</run_address>
         <size>0x119</size>
         <input_file_ref idref="fl-a"/>
      </object_component>
      <object_component id="oc-1e0">
         <name>.debug_info</name>
         <load_address>0x58cb</load_address>
         <run_address>0x58cb</run_address>
         <size>0xce</size>
         <input_file_ref idref="fl-a"/>
      </object_component>
      <object_component id="oc-1bd">
         <name>.debug_info</name>
         <load_address>0x5999</load_address>
         <run_address>0x5999</run_address>
         <size>0x146</size>
         <input_file_ref idref="fl-a"/>
      </object_component>
      <object_component id="oc-ed">
         <name>.debug_info</name>
         <load_address>0x5adf</load_address>
         <run_address>0x5adf</run_address>
         <size>0x1990</size>
         <input_file_ref idref="fl-a"/>
      </object_component>
      <object_component id="oc-1ea">
         <name>.debug_info</name>
         <load_address>0x746f</load_address>
         <run_address>0x746f</run_address>
         <size>0x8b</size>
         <input_file_ref idref="fl-a"/>
      </object_component>
      <object_component id="oc-390">
         <name>.debug_info</name>
         <load_address>0x74fa</load_address>
         <run_address>0x74fa</run_address>
         <size>0x2f8</size>
         <input_file_ref idref="fl-b"/>
      </object_component>
      <object_component id="oc-2a6">
         <name>.debug_info</name>
         <load_address>0x77f2</load_address>
         <run_address>0x77f2</run_address>
         <size>0x112</size>
         <input_file_ref idref="fl-b"/>
      </object_component>
      <object_component id="oc-193">
         <name>.debug_info</name>
         <load_address>0x7904</load_address>
         <run_address>0x7904</run_address>
         <size>0x383</size>
         <input_file_ref idref="fl-b"/>
      </object_component>
      <object_component id="oc-106">
         <name>.debug_info</name>
         <load_address>0x7c87</load_address>
         <run_address>0x7c87</run_address>
         <size>0x555</size>
         <input_file_ref idref="fl-c"/>
      </object_component>
      <object_component id="oc-e4">
         <name>.debug_info</name>
         <load_address>0x81dc</load_address>
         <run_address>0x81dc</run_address>
         <size>0x549</size>
         <input_file_ref idref="fl-c"/>
      </object_component>
      <object_component id="oc-108">
         <name>.debug_info</name>
         <load_address>0x8725</load_address>
         <run_address>0x8725</run_address>
         <size>0x371</size>
         <input_file_ref idref="fl-d"/>
      </object_component>
      <object_component id="oc-2aa">
         <name>.debug_info</name>
         <load_address>0x8a96</load_address>
         <run_address>0x8a96</run_address>
         <size>0xcc</size>
         <input_file_ref idref="fl-d"/>
      </object_component>
      <object_component id="oc-198">
         <name>.debug_info</name>
         <load_address>0x8b62</load_address>
         <run_address>0x8b62</run_address>
         <size>0x3c6</size>
         <input_file_ref idref="fl-d"/>
      </object_component>
      <object_component id="oc-32">
         <name>.debug_info</name>
         <load_address>0x8f28</load_address>
         <run_address>0x8f28</run_address>
         <size>0x2a3</size>
         <input_file_ref idref="fl-e"/>
      </object_component>
      <object_component id="oc-13">
         <name>.debug_info</name>
         <load_address>0x91cb</load_address>
         <run_address>0x91cb</run_address>
         <size>0xe2</size>
         <input_file_ref idref="fl-e"/>
      </object_component>
      <object_component id="oc-2c">
         <name>.debug_info</name>
         <load_address>0x92ad</load_address>
         <run_address>0x92ad</run_address>
         <size>0x25e</size>
         <input_file_ref idref="fl-e"/>
      </object_component>
      <object_component id="oc-29c">
         <name>.debug_info</name>
         <load_address>0x950b</load_address>
         <run_address>0x950b</run_address>
         <size>0x2cf</size>
         <input_file_ref idref="fl-f"/>
      </object_component>
      <object_component id="oc-299">
         <name>.debug_info</name>
         <load_address>0x97da</load_address>
         <run_address>0x97da</run_address>
         <size>0x12c</size>
         <input_file_ref idref="fl-f"/>
      </object_component>
      <object_component id="oc-182">
         <name>.debug_info</name>
         <load_address>0x9906</load_address>
         <run_address>0x9906</run_address>
         <size>0x516</size>
         <input_file_ref idref="fl-f"/>
      </object_component>
      <object_component id="oc-211">
         <name>.debug_info</name>
         <load_address>0x9e1c</load_address>
         <run_address>0x9e1c</run_address>
         <size>0x3bd</size>
         <input_file_ref idref="fl-10"/>
      </object_component>
      <object_component id="oc-1fc">
         <name>.debug_info</name>
         <load_address>0xa1d9</load_address>
         <run_address>0xa1d9</run_address>
         <size>0xcb</size>
         <input_file_ref idref="fl-10"/>
      </object_component>
      <object_component id="oc-20b">
         <name>.debug_info</name>
         <load_address>0xa2a4</load_address>
         <run_address>0xa2a4</run_address>
         <size>0xc8</size>
         <input_file_ref idref="fl-10"/>
      </object_component>
      <object_component id="oc-1ff">
         <name>.debug_info</name>
         <load_address>0xa36c</load_address>
         <run_address>0xa36c</run_address>
         <size>0x10a</size>
         <input_file_ref idref="fl-10"/>
      </object_component>
      <object_component id="oc-20e">
         <name>.debug_info</name>
         <load_address>0xa476</load_address>
         <run_address>0xa476</run_address>
         <size>0xce</size>
         <input_file_ref idref="fl-10"/>
      </object_component>
      <object_component id="oc-208">
         <name>.debug_info</name>
         <load_address>0xa544</load_address>
         <run_address>0xa544</run_address>
         <size>0xca</size>
         <input_file_ref idref="fl-10"/>
      </object_component>
      <object_component id="oc-f2">
         <name>.debug_info</name>
         <load_address>0xa60e</load_address>
         <run_address>0xa60e</run_address>
         <size>0xd8f</size>
         <input_file_ref idref="fl-10"/>
      </object_component>
      <object_component id="oc-2f2">
         <name>.debug_info</name>
         <load_address>0xb39d</load_address>
         <run_address>0xb39d</run_address>
         <size>0x72</size>
         <input_file_ref idref="fl-10"/>
      </object_component>
      <object_component id="oc-1f0">
         <name>.debug_info</name>
         <load_address>0xb40f</load_address>
         <run_address>0xb40f</run_address>
         <size>0x171</size>
         <input_file_ref idref="fl-cc"/>
      </object_component>
      <object_component id="oc-1f8">
         <name>.debug_info</name>
         <load_address>0xb580</load_address>
         <run_address>0xb580</run_address>
         <size>0x182</size>
         <input_file_ref idref="fl-cd"/>
      </object_component>
      <object_component id="oc-2e9">
         <name>.debug_info</name>
         <load_address>0xb702</load_address>
         <run_address>0xb702</run_address>
         <size>0x284</size>
         <input_file_ref idref="fl-ce"/>
      </object_component>
      <object_component id="oc-203">
         <name>.debug_info</name>
         <load_address>0xb986</load_address>
         <run_address>0xb986</run_address>
         <size>0x17c</size>
         <input_file_ref idref="fl-ce"/>
      </object_component>
      <object_component id="oc-2bb">
         <name>.debug_info</name>
         <load_address>0xbb02</load_address>
         <run_address>0xbb02</run_address>
         <size>0x333</size>
         <input_file_ref idref="fl-cf"/>
      </object_component>
      <object_component id="oc-1a4">
         <name>.debug_info</name>
         <load_address>0xbe35</load_address>
         <run_address>0xbe35</run_address>
         <size>0x1d1</size>
         <input_file_ref idref="fl-cf"/>
      </object_component>
      <object_component id="oc-2b0">
         <name>.debug_info</name>
         <load_address>0xc006</load_address>
         <run_address>0xc006</run_address>
         <size>0x18d</size>
         <input_file_ref idref="fl-cf"/>
      </object_component>
      <object_component id="oc-2b5">
         <name>.debug_info</name>
         <load_address>0xc193</load_address>
         <run_address>0xc193</run_address>
         <size>0x16d</size>
         <input_file_ref idref="fl-cf"/>
      </object_component>
      <object_component id="oc-283">
         <name>.debug_info</name>
         <load_address>0xc300</load_address>
         <run_address>0xc300</run_address>
         <size>0x2c</size>
         <input_file_ref idref="fl-cf"/>
      </object_component>
      <object_component id="oc-282">
         <name>.debug_info</name>
         <load_address>0xc32c</load_address>
         <run_address>0xc32c</run_address>
         <size>0x340</size>
         <input_file_ref idref="fl-d0"/>
      </object_component>
      <object_component id="oc-164">
         <name>.debug_info</name>
         <load_address>0xc66c</load_address>
         <run_address>0xc66c</run_address>
         <size>0x208</size>
         <input_file_ref idref="fl-d0"/>
      </object_component>
      <object_component id="oc-276">
         <name>.debug_info</name>
         <load_address>0xc874</load_address>
         <run_address>0xc874</run_address>
         <size>0x1c6</size>
         <input_file_ref idref="fl-d0"/>
      </object_component>
      <object_component id="oc-27d">
         <name>.debug_info</name>
         <load_address>0xca3a</load_address>
         <run_address>0xca3a</run_address>
         <size>0x179</size>
         <input_file_ref idref="fl-d0"/>
      </object_component>
      <object_component id="oc-288">
         <name>.debug_info</name>
         <load_address>0xcbb3</load_address>
         <run_address>0xcbb3</run_address>
         <size>0x69</size>
         <input_file_ref idref="fl-d0"/>
      </object_component>
      <object_component id="oc-1db">
         <name>.debug_info</name>
         <load_address>0xcc1c</load_address>
         <run_address>0xcc1c</run_address>
         <size>0x14c</size>
         <input_file_ref idref="fl-d1"/>
      </object_component>
      <object_component id="oc-2fa">
         <name>.debug_info</name>
         <load_address>0xcd68</load_address>
         <run_address>0xcd68</run_address>
         <size>0x128</size>
         <input_file_ref idref="fl-d2"/>
      </object_component>
      <object_component id="oc-300">
         <name>.debug_info</name>
         <load_address>0xce90</load_address>
         <run_address>0xce90</run_address>
         <size>0x12a</size>
         <input_file_ref idref="fl-d2"/>
      </object_component>
      <object_component id="oc-1d3">
         <name>.debug_info</name>
         <load_address>0xcfba</load_address>
         <run_address>0xcfba</run_address>
         <size>0x13a</size>
         <input_file_ref idref="fl-d3"/>
      </object_component>
      <object_component id="oc-1ce">
         <name>.debug_info</name>
         <load_address>0xd0f4</load_address>
         <run_address>0xd0f4</run_address>
         <size>0x13a</size>
         <input_file_ref idref="fl-d4"/>
      </object_component>
      <object_component id="oc-304">
         <name>.debug_info</name>
         <load_address>0xd22e</load_address>
         <run_address>0xd22e</run_address>
         <size>0x12e</size>
         <input_file_ref idref="fl-d5"/>
      </object_component>
      <object_component id="oc-1e3">
         <name>.debug_info</name>
         <load_address>0xd35c</load_address>
         <run_address>0xd35c</run_address>
         <size>0x13e</size>
         <input_file_ref idref="fl-d6"/>
      </object_component>
      <object_component id="oc-19f">
         <name>.debug_info</name>
         <load_address>0xd49a</load_address>
         <run_address>0xd49a</run_address>
         <size>0x12c</size>
         <input_file_ref idref="fl-d7"/>
      </object_component>
      <object_component id="oc-1d7">
         <name>.debug_info</name>
         <load_address>0xd5c6</load_address>
         <run_address>0xd5c6</run_address>
         <size>0x12c</size>
         <input_file_ref idref="fl-d8"/>
      </object_component>
      <object_component id="oc-41">
         <name>.debug_info</name>
         <load_address>0xd6f2</load_address>
         <run_address>0xd6f2</run_address>
         <size>0x119</size>
         <input_file_ref idref="fl-d9"/>
      </object_component>
      <object_component id="oc-2a3">
         <name>.debug_info</name>
         <load_address>0xd80b</load_address>
         <run_address>0xd80b</run_address>
         <size>0x12e</size>
         <input_file_ref idref="fl-da"/>
      </object_component>
      <object_component id="oc-99">
         <name>.debug_info</name>
         <load_address>0xd939</load_address>
         <run_address>0xd939</run_address>
         <size>0x147</size>
         <input_file_ref idref="fl-db"/>
      </object_component>
      <object_component id="oc-95">
         <name>.debug_info</name>
         <load_address>0xda80</load_address>
         <run_address>0xda80</run_address>
         <size>0x2d4</size>
         <input_file_ref idref="fl-dc"/>
      </object_component>
      <object_component id="oc-51">
         <name>.debug_info</name>
         <load_address>0xdd54</load_address>
         <run_address>0xdd54</run_address>
         <size>0x1b5</size>
         <input_file_ref idref="fl-dc"/>
      </object_component>
      <object_component id="oc-90">
         <name>.debug_info</name>
         <load_address>0xdf09</load_address>
         <run_address>0xdf09</run_address>
         <size>0x46</size>
         <input_file_ref idref="fl-dc"/>
      </object_component>
      <object_component id="oc-ce">
         <name>.debug_info</name>
         <load_address>0xdf4f</load_address>
         <run_address>0xdf4f</run_address>
         <size>0x2c</size>
         <input_file_ref idref="fl-dc"/>
      </object_component>
      <object_component id="oc-49">
         <name>.debug_info</name>
         <load_address>0xdf7b</load_address>
         <run_address>0xdf7b</run_address>
         <size>0x2a8</size>
         <input_file_ref idref="fl-dd"/>
      </object_component>
      <object_component id="oc-1c">
         <name>.debug_info</name>
         <load_address>0xe223</load_address>
         <run_address>0xe223</run_address>
         <size>0x1ea</size>
         <input_file_ref idref="fl-dd"/>
      </object_component>
      <object_component id="oc-44">
         <name>.debug_info</name>
         <load_address>0xe40d</load_address>
         <run_address>0xe40d</run_address>
         <size>0x46</size>
         <input_file_ref idref="fl-dd"/>
      </object_component>
      <object_component id="oc-88">
         <name>.debug_info</name>
         <load_address>0xe453</load_address>
         <run_address>0xe453</run_address>
         <size>0x2c</size>
         <input_file_ref idref="fl-dd"/>
      </object_component>
      <object_component id="oc-86">
         <name>.debug_info</name>
         <load_address>0xe47f</load_address>
         <run_address>0xe47f</run_address>
         <size>0x29e</size>
         <input_file_ref idref="fl-de"/>
      </object_component>
      <object_component id="oc-19">
         <name>.debug_info</name>
         <load_address>0xe71d</load_address>
         <run_address>0xe71d</run_address>
         <size>0x250</size>
         <input_file_ref idref="fl-de"/>
      </object_component>
      <object_component id="oc-34">
         <name>.debug_info</name>
         <load_address>0xe96d</load_address>
         <run_address>0xe96d</run_address>
         <size>0x60</size>
         <input_file_ref idref="fl-de"/>
      </object_component>
      <object_component id="oc-c7">
         <name>.debug_info</name>
         <load_address>0xe9cd</load_address>
         <run_address>0xe9cd</run_address>
         <size>0x46</size>
         <input_file_ref idref="fl-de"/>
      </object_component>
      <object_component id="oc-81">
         <name>.debug_info</name>
         <load_address>0xea13</load_address>
         <run_address>0xea13</run_address>
         <size>0x39</size>
         <input_file_ref idref="fl-de"/>
      </object_component>
      <object_component id="oc-70">
         <name>.debug_info</name>
         <load_address>0xea4c</load_address>
         <run_address>0xea4c</run_address>
         <size>0x3b2</size>
         <input_file_ref idref="fl-df"/>
      </object_component>
      <object_component id="oc-25">
         <name>.debug_info</name>
         <load_address>0xedfe</load_address>
         <run_address>0xedfe</run_address>
         <size>0x10c</size>
         <input_file_ref idref="fl-df"/>
      </object_component>
      <object_component id="oc-39f">
         <name>.debug_info</name>
         <load_address>0xef0a</load_address>
         <run_address>0xef0a</run_address>
         <size>0x13f</size>
         <input_file_ref idref="fl-df"/>
      </object_component>
      <object_component id="oc-2bd">
         <name>.debug_info</name>
         <load_address>0xf049</load_address>
         <run_address>0xf049</run_address>
         <size>0x168</size>
         <input_file_ref idref="fl-df"/>
      </object_component>
      <object_component id="oc-2c5">
         <name>.debug_info</name>
         <load_address>0xf1b1</load_address>
         <run_address>0xf1b1</run_address>
         <size>0x18e</size>
         <input_file_ref idref="fl-df"/>
      </object_component>
      <object_component id="oc-2cb">
         <name>.debug_info</name>
         <load_address>0xf33f</load_address>
         <run_address>0xf33f</run_address>
         <size>0x19f</size>
         <input_file_ref idref="fl-df"/>
      </object_component>
      <object_component id="oc-1b7">
         <name>.debug_info</name>
         <load_address>0xf4de</load_address>
         <run_address>0xf4de</run_address>
         <size>0x203</size>
         <input_file_ref idref="fl-df"/>
      </object_component>
      <object_component id="oc-41d">
         <name>.debug_info</name>
         <load_address>0xf6e1</load_address>
         <run_address>0xf6e1</run_address>
         <size>0x1db</size>
         <input_file_ref idref="fl-df"/>
      </object_component>
      <object_component id="oc-1b1">
         <name>.debug_info</name>
         <load_address>0xf8bc</load_address>
         <run_address>0xf8bc</run_address>
         <size>0x1a5</size>
         <input_file_ref idref="fl-df"/>
      </object_component>
      <object_component id="oc-399">
         <name>.debug_info</name>
         <load_address>0xfa61</load_address>
         <run_address>0xfa61</run_address>
         <size>0x299</size>
         <input_file_ref idref="fl-df"/>
      </object_component>
      <object_component id="oc-bb">
         <name>.debug_info</name>
         <load_address>0xfcfa</load_address>
         <run_address>0xfcfa</run_address>
         <size>0xb2</size>
         <input_file_ref idref="fl-df"/>
      </object_component>
      <object_component id="oc-b6">
         <name>.debug_info</name>
         <load_address>0xfdac</load_address>
         <run_address>0xfdac</run_address>
         <size>0x2c</size>
         <input_file_ref idref="fl-df"/>
      </object_component>
      <object_component id="oc-28e">
         <name>.debug_info</name>
         <load_address>0xfdd8</load_address>
         <run_address>0xfdd8</run_address>
         <size>0x28a</size>
         <input_file_ref idref="fl-e0"/>
      </object_component>
      <object_component id="oc-16d">
         <name>.debug_info</name>
         <load_address>0x10062</load_address>
         <run_address>0x10062</run_address>
         <size>0x273</size>
         <input_file_ref idref="fl-e0"/>
      </object_component>
      <object_component id="oc-290">
         <name>.debug_info</name>
         <load_address>0x102d5</load_address>
         <run_address>0x102d5</run_address>
         <size>0x2a4</size>
         <input_file_ref idref="fl-e1"/>
      </object_component>
      <object_component id="oc-170">
         <name>.debug_info</name>
         <load_address>0x10579</load_address>
         <run_address>0x10579</run_address>
         <size>0x24d</size>
         <input_file_ref idref="fl-e1"/>
      </object_component>
      <object_component id="oc-2f8">
         <name>.debug_info</name>
         <load_address>0x107c6</load_address>
         <run_address>0x107c6</run_address>
         <size>0x28f</size>
         <input_file_ref idref="fl-e2"/>
      </object_component>
      <object_component id="oc-218">
         <name>.debug_info</name>
         <load_address>0x10a55</load_address>
         <run_address>0x10a55</run_address>
         <size>0x245</size>
         <input_file_ref idref="fl-e2"/>
      </object_component>
      <object_component id="oc-28">
         <name>.debug_info</name>
         <load_address>0x10c9a</load_address>
         <run_address>0x10c9a</run_address>
         <size>0x10b</size>
         <input_file_ref idref="fl-e3"/>
      </object_component>
      <object_component id="oc-5e">
         <name>.debug_info</name>
         <load_address>0x10da5</load_address>
         <run_address>0x10da5</run_address>
         <size>0x1a9</size>
         <input_file_ref idref="fl-e3"/>
      </object_component>
      <object_component id="oc-376">
         <name>.debug_info</name>
         <load_address>0x10f4e</load_address>
         <run_address>0x10f4e</run_address>
         <size>0x590</size>
         <input_file_ref idref="fl-e4"/>
      </object_component>
      <object_component id="oc-346">
         <name>.debug_info</name>
         <load_address>0x114de</load_address>
         <run_address>0x114de</run_address>
         <size>0x21e</size>
         <input_file_ref idref="fl-e4"/>
      </object_component>
      <object_component id="oc-3ce">
         <name>.debug_info</name>
         <load_address>0x116fc</load_address>
         <run_address>0x116fc</run_address>
         <size>0x1b3</size>
         <input_file_ref idref="fl-e4"/>
      </object_component>
      <object_component id="oc-3d4">
         <name>.debug_info</name>
         <load_address>0x118af</load_address>
         <run_address>0x118af</run_address>
         <size>0x21b</size>
         <input_file_ref idref="fl-e4"/>
      </object_component>
      <object_component id="oc-34c">
         <name>.debug_info</name>
         <load_address>0x11aca</load_address>
         <run_address>0x11aca</run_address>
         <size>0x3c0</size>
         <input_file_ref idref="fl-e4"/>
      </object_component>
      <object_component id="oc-3db">
         <name>.debug_info</name>
         <load_address>0x11e8a</load_address>
         <run_address>0x11e8a</run_address>
         <size>0x30a</size>
         <input_file_ref idref="fl-e4"/>
      </object_component>
      <object_component id="oc-3e1">
         <name>.debug_info</name>
         <load_address>0x12194</load_address>
         <run_address>0x12194</run_address>
         <size>0x215</size>
         <input_file_ref idref="fl-e4"/>
      </object_component>
      <object_component id="oc-352">
         <name>.debug_info</name>
         <load_address>0x123a9</load_address>
         <run_address>0x123a9</run_address>
         <size>0x215</size>
         <input_file_ref idref="fl-e4"/>
      </object_component>
      <object_component id="oc-358">
         <name>.debug_info</name>
         <load_address>0x125be</load_address>
         <run_address>0x125be</run_address>
         <size>0x304</size>
         <input_file_ref idref="fl-e4"/>
      </object_component>
      <object_component id="oc-35f">
         <name>.debug_info</name>
         <load_address>0x128c2</load_address>
         <run_address>0x128c2</run_address>
         <size>0x4b5</size>
         <input_file_ref idref="fl-e4"/>
      </object_component>
      <object_component id="oc-270">
         <name>.debug_info</name>
         <load_address>0x12d77</load_address>
         <run_address>0x12d77</run_address>
         <size>0x5f4</size>
         <input_file_ref idref="fl-e4"/>
      </object_component>
      <object_component id="oc-377">
         <name>.debug_info</name>
         <load_address>0x1336b</load_address>
         <run_address>0x1336b</run_address>
         <size>0x86</size>
         <input_file_ref idref="fl-e4"/>
      </object_component>
      <object_component id="oc-40b">
         <name>.debug_info</name>
         <load_address>0x133f1</load_address>
         <run_address>0x133f1</run_address>
         <size>0x39</size>
         <input_file_ref idref="fl-e4"/>
      </object_component>
      <object_component id="oc-454">
         <name>.debug_info</name>
         <load_address>0x1342a</load_address>
         <run_address>0x1342a</run_address>
         <size>0xb6</size>
         <input_file_ref idref="fl-e4"/>
      </object_component>
      <object_component id="oc-410">
         <name>.debug_info</name>
         <load_address>0x134e0</load_address>
         <run_address>0x134e0</run_address>
         <size>0x46</size>
         <input_file_ref idref="fl-e4"/>
      </object_component>
      <object_component id="oc-37c">
         <name>.debug_info</name>
         <load_address>0x13526</load_address>
         <run_address>0x13526</run_address>
[...]
         <value>0x26d</value>
         <object_component_ref idref="oc-e9"/>
      </symbol>
      <symbol id="sm-2d8">
         <name>oi_getMotorCalibrationLeft</name>
         <value>0xded</value>
         <object_component_ref idref="oc-e9"/>
      </symbol>
      <symbol id="sm-2d9">
         <name>oi_loadSong</name>
         <value>0x915</value>
         <object_component_ref idref="oc-e9"/>
      </symbol>
      <symbol id="sm-2da">
         <name>oi_play_song</name>
         <value>0x96b</value>
         <object_component_ref idref="oc-e9"/>
      </symbol>
      <symbol id="sm-2db">
         <name>oi_parsePacket</name>
         <value>0x32b</value>
         <object_component_ref idref="oc-e9"/>
      </symbol>
      <symbol id="sm-2dc">
         <name>oi_setLeds</name>
         <value>0x84b</value>
         <object_component_ref idref="oc-e9"/>
      </symbol>
      <symbol id="sm-2dd">
         <name>oi_init</name>
         <value>0x2b1</value>
         <object_component_ref idref="oc-e9"/>
      </symbol>
      <symbol id="sm-2de">
         <name>oi_update</name>
         <value>0x2d9</value>
         <object_component_ref idref="oc-e9"/>
      </symbol>
      <symbol id="sm-2df">
         <name>oi_uartInit</name>
         <value>0x98d</value>
         <object_component_ref idref="oc-e9"/>
      </symbol>
      <symbol id="sm-31b">
         <name>ping_getDistanceFromWidth</name>
         <value>0x32dd</value>
         <object_component_ref idref="oc-191"/>
      </symbol>
      <symbol id="sm-31c">
         <name>g_end_time</name>
         <value>0x20003134</value>
         <object_component_ref idref="oc-2a5"/>
      </symbol>
      <symbol id="sm-31d">
         <name>TIMER3B_Handler</name>
         <value>0x3251</value>
         <object_component_ref idref="oc-191"/>
      </symbol>
      <symbol id="sm-31e">
         <name>ping_init</name>
         <value>0x30f9</value>
         <object_component_ref idref="oc-191"/>
      </symbol>
      <symbol id="sm-31f">
         <name>g_state</name>
         <value>0x20003138</value>
         <object_component_ref idref="oc-2a5"/>
      </symbol>
      <symbol id="sm-320">
         <name>g_start_time</name>
         <value>0x20003130</value>
         <object_component_ref idref="oc-2a5"/>
      </symbol>
      <symbol id="sm-321">
         <name>ping_getDistance</name>
         <value>0x3295</value>
         <object_component_ref idref="oc-191"/>
      </symbol>
      <symbol id="sm-322">
         <name>ping_trigger</name>
         <value>0x31c9</value>
         <object_component_ref idref="oc-191"/>
      </symbol>
      <symbol id="sm-346">
         <name>enable_config</name>
         <value>0x200030e4</value>
      </symbol>
      <symbol id="sm-347">
         <name>scan_range</name>
         <value>0x3c09</value>
         <object_component_ref idref="oc-e3"/>
      </symbol>
      <symbol id="sm-348">
         <name>scan</name>
         <value>0x3cbb</value>
         <object_component_ref idref="oc-e3"/>
      </symbol>
      <symbol id="sm-349">
         <name>scan_init</name>
         <value>0x3bdd</value>
         <object_component_ref idref="oc-e3"/>
      </symbol>
      <symbol id="sm-34a">
         <name>scan_feature_enable</name>
         <value>0x3bf5</value>
         <object_component_ref idref="oc-e3"/>
      </symbol>
      <symbol id="sm-389">
         <name>servo_move</name>
         <value>0x2949</value>
         <object_component_ref idref="oc-197"/>
      </symbol>
      <symbol id="sm-38a">
         <name>servo_init</name>
         <value>0x27ad</value>
         <object_component_ref idref="oc-197"/>
      </symbol>
      <symbol id="sm-38b">
         <name>servo_calibrate</name>
         <value>0x2855</value>
         <object_component_ref idref="oc-197"/>
      </symbol>
      <symbol id="sm-3a7">
         <name>ResetISR</name>
         <value>0x572d</value>
         <object_component_ref idref="oc-2a"/>
      </symbol>
      <symbol id="sm-3a8">
         <name>g_pfnVectors</name>
         <value>0x0</value>
         <object_component_ref idref="oc-12"/>
      </symbol>
      <symbol id="sm-3e5">
         <name>UART1_Handler</name>
         <value>0x395f</value>
         <object_component_ref idref="oc-17f"/>
      </symbol>
      <symbol id="sm-3e6">
         <name>global_char</name>
         <value>0x20003144</value>
         <object_component_ref idref="oc-298"/>
      </symbol>
      <symbol id="sm-3e7">
         <name>reset_global_char</name>
         <value>0x3949</value>
         <object_component_ref idref="oc-17f"/>
      </symbol>
      <symbol id="sm-3e8">
         <name>new_char_flag</name>
         <value>0x20003140</value>
         <object_component_ref idref="oc-298"/>
      </symbol>
      <symbol id="sm-3e9">
         <name>return_flag</name>
         <value>0x3951</value>
         <object_component_ref idref="oc-17f"/>
      </symbol>
      <symbol id="sm-3ea">
         <name>uart_sendChar</name>
         <value>0x38f5</value>
         <object_component_ref idref="oc-17f"/>
      </symbol>
      <symbol id="sm-3eb">
         <name>uart_interrupt_init</name>
         <value>0x3831</value>
         <object_component_ref idref="oc-17f"/>
      </symbol>
      <symbol id="sm-3ec">
         <name>received_char</name>
         <value>0x2000313c</value>
         <object_component_ref idref="oc-298"/>
      </symbol>
      <symbol id="sm-3ed">
         <name>return_character</name>
         <value>0x3943</value>
         <object_component_ref idref="oc-17f"/>
      </symbol>
      <symbol id="sm-3ee">
         <name>uart_receive</name>
         <value>0x3911</value>
         <object_component_ref idref="oc-17f"/>
      </symbol>
      <symbol id="sm-3ef">
         <name>reset_flag</name>
         <value>0x3957</value>
         <object_component_ref idref="oc-17f"/>
      </symbol>
      <symbol id="sm-3f0">
         <name>uart_sendStr</name>
         <value>0x3925</value>
         <object_component_ref idref="oc-17f"/>
      </symbol>
      <symbol id="sm-4b1">
         <name>world_map_observe</name>
         <value>0x106d</value>
         <object_component_ref idref="oc-ef"/>
      </symbol>
      <symbol id="sm-4b2">
         <name>bot_pose</name>
         <value>0x20003118</value>
         <object_component_ref idref="oc-1fb"/>
      </symbol>
      <symbol id="sm-4b3">
         <name>world_map_finalize_scan</name>
         <value>0x1319</value>
         <object_component_ref idref="oc-ef"/>
      </symbol>
      <symbol id="sm-4b4">
         <name>world_map_log_boundary</name>
         <value>0x1539</value>
         <object_component_ref idref="oc-ef"/>
      </symbol>
      <symbol id="sm-4b5">
         <name>world_map_reset</name>
         <value>0xf49</value>
         <object_component_ref idref="oc-ef"/>
      </symbol>
      <symbol id="sm-4b6">
         <name>body_to_world</name>
         <value>0xff3</value>
         <object_component_ref idref="oc-ef"/>
      </symbol>
      <symbol id="sm-4b7">
         <name>world_map_print_pose</name>
         <value>0x1643</value>
         <object_component_ref idref="oc-ef"/>
      </symbol>
      <symbol id="sm-4b8">
         <name>pose_update</name>
         <value>0xf51</value>
         <object_component_ref idref="oc-ef"/>
      </symbol>
      <symbol id="sm-4b9">
         <name>world_map_print</name>
         <value>0x16bd</value>
         <object_component_ref idref="oc-ef"/>
      </symbol>
      <symbol id="sm-4ba">
         <name>world_map_init</name>
         <value>0xf1d</value>
         <object_component_ref idref="oc-ef"/>
      </symbol>
      <symbol id="sm-4ce">
         <name>cosf</name>
         <value>0x4955</value>
         <object_component_ref idref="oc-1ef"/>
      </symbol>
      <symbol id="sm-4e0">
         <name>sinf</name>
         <value>0x4b69</value>
         <object_component_ref idref="oc-1f5"/>
      </symbol>
      <symbol id="sm-4f6">
         <name>tanf</name>
         <value>0x4abd</value>
         <object_component_ref idref="oc-201"/>
      </symbol>
      <symbol id="sm-51d">
         <name>sprintf</name>
         <value>0x53a5</value>
         <object_component_ref idref="oc-1a2"/>
      </symbol>
      <symbol id="sm-547">
         <name>vsnprintf</name>
         <value>0x53e5</value>
         <object_component_ref idref="oc-163"/>
      </symbol>
      <symbol id="sm-55e">
         <name>__aeabi_dsub</name>
         <value>0x3d95</value>
         <object_component_ref idref="oc-1da"/>
      </symbol>
      <symbol id="sm-55f">
         <name>__aeabi_dadd</name>
         <value>0x3d9f</value>
         <object_component_ref idref="oc-1da"/>
      </symbol>
      <symbol id="sm-581">
         <name>__aeabi_cdcmpeq</name>
         <value>0x4dc9</value>
         <object_component_ref idref="oc-2f9"/>
      </symbol>
      <symbol id="sm-582">
         <name>__aeabi_cdcmple</name>
         <value>0x4dc9</value>
         <object_component_ref idref="oc-2f9"/>
      </symbol>
      <symbol id="sm-583">
         <name>__aeabi_cdrcmple</name>
         <value>0x4e4f</value>
         <object_component_ref idref="oc-2fe"/>
      </symbol>
      <symbol id="sm-597">
         <name>__aeabi_ddiv</name>
         <value>0x4225</value>
         <object_component_ref idref="oc-1d0"/>
      </symbol>
      <symbol id="sm-5a2">
         <name>__aeabi_dmul</name>
         <value>0x4691</value>
         <object_component_ref idref="oc-1cb"/>
      </symbol>
      <symbol id="sm-5ac">
         <name>__aeabi_d2iz</name>
         <value>0x5319</value>
         <object_component_ref idref="oc-303"/>
      </symbol>
      <symbol id="sm-5b8">
         <name>__aeabi_d2f</name>
         <value>0x502f</value>
         <object_component_ref idref="oc-1e2"/>
      </symbol>
      <symbol id="sm-5c3">
         <name>__aeabi_f2d</name>
         <value>0x549d</value>
         <object_component_ref idref="oc-19d"/>
      </symbol>
      <symbol id="sm-5cd">
         <name>__aeabi_i2d</name>
         <value>0x556d</value>
         <object_component_ref idref="oc-1d5"/>
      </symbol>
      <symbol id="sm-5e8">
         <name>memcpy</name>
         <value>0x4c0d</value>
         <object_component_ref idref="oc-3e"/>
      </symbol>
      <symbol id="sm-5e9">
         <name>__aeabi_memcpy</name>
         <value>0x4c0d</value>
         <object_component_ref idref="oc-3e"/>
      </symbol>
      <symbol id="sm-5ea">
         <name>__aeabi_memcpy8</name>
         <value>0x4c0d</value>
         <object_component_ref idref="oc-3e"/>
      </symbol>
      <symbol id="sm-5eb">
         <name>__aeabi_memcpy4</name>
         <value>0x4c0d</value>
         <object_component_ref idref="oc-3e"/>
      </symbol>
      <symbol id="sm-5f5">
         <name>__aeabi_ui2d</name>
         <value>0x55c5</value>
         <object_component_ref idref="oc-2a0"/>
      </symbol>
      <symbol id="sm-604">
         <name>__aeabi_memset</name>
         <value>0x4ed7</value>
         <object_component_ref idref="oc-96"/>
      </symbol>
      <symbol id="sm-605">
         <name>memset</name>
         <value>0x4edd</value>
         <object_component_ref idref="oc-96"/>
      </symbol>
      <symbol id="sm-606">
         <name>__aeabi_memset8</name>
         <value>0x4ed7</value>
         <object_component_ref idref="oc-96"/>
      </symbol>
      <symbol id="sm-607">
         <name>__aeabi_memset4</name>
         <value>0x4ed7</value>
         <object_component_ref idref="oc-96"/>
      </symbol>
      <symbol id="sm-608">
         <name>__aeabi_memclr8</name>
         <value>0x4ed5</value>
         <object_component_ref idref="oc-96"/>
      </symbol>
      <symbol id="sm-609">
         <name>__aeabi_memclr4</name>
         <value>0x4ed5</value>
         <object_component_ref idref="oc-96"/>
      </symbol>
      <symbol id="sm-60a">
         <name>__aeabi_memclr</name>
         <value>0x4ed5</value>
         <object_component_ref idref="oc-96"/>
      </symbol>
      <symbol id="sm-621">
         <name>__TI_zero_init</name>
         <value>0x5721</value>
         <object_component_ref idref="oc-50"/>
      </symbol>
      <symbol id="sm-638">
         <name>__TI_decompress_none</name>
         <value>0x5707</value>
         <object_component_ref idref="oc-1b"/>
      </symbol>
      <symbol id="sm-65b">
         <name>__TI_decompress_lzss</name>
         <value>0x509d</value>
         <object_component_ref idref="oc-15"/>
      </symbol>
      <symbol id="sm-6f0">
         <name>_sys_memory</name>
         <value>0x20001270</value>
         <object_component_ref idref="oc-24"/>
      </symbol>
      <symbol id="sm-6f1">
         <name>free</name>
         <value>0x4871</value>
         <object_component_ref idref="oc-1b5"/>
      </symbol>
      <symbol id="sm-6f2">
         <name>memalign</name>
         <value>0x4591</value>
         <object_component_ref idref="oc-397"/>
      </symbol>
      <symbol id="sm-6f3">
         <name>calloc</name>
         <value>0x5465</value>
         <object_component_ref idref="oc-1af"/>
      </symbol>
      <symbol id="sm-6f4">
         <name>malloc</name>
         <value>0x574d</value>
         <object_component_ref idref="oc-2bc"/>
      </symbol>
      <symbol id="sm-6f5">
         <name>aligned_alloc</name>
         <value>0x4591</value>
         <object_component_ref idref="oc-397"/>
      </symbol>
      <symbol id="sm-704">
         <name>strcmp</name>
         <value>0x567f</value>
         <object_component_ref idref="oc-169"/>
      </symbol>
      <symbol id="sm-712">
         <name>strcpy</name>
         <value>0x56ad</value>
         <object_component_ref idref="oc-16f"/>
      </symbol>
      <symbol id="sm-720">
         <name>strlen</name>
         <value>0x56c1</value>
         <object_component_ref idref="oc-217"/>
      </symbol>
      <symbol id="sm-733">
         <name>__stack</name>
         <value>0x20000270</value>
         <object_component_ref idref="oc-27"/>
      </symbol>
      <symbol id="sm-734">
         <name>_c_int00_noargs</name>
         <value>0x5509</value>
         <object_component_ref idref="oc-5c"/>
      </symbol>
      <symbol id="sm-899">
         <name>__TI_printfi</name>
         <value>0x19a5</value>
         <object_component_ref idref="oc-26f"/>
      </symbol>
      <symbol id="sm-8a6">
         <name>__aeabi_uldivmod</name>
         <value>0x4ca9</value>
         <object_component_ref idref="oc-3c1"/>
      </symbol>
      <symbol id="sm-8ce">
         <name>__TI_auto_init_nobinit_nopinit</name>
         <value>0x5361</value>
         <object_component_ref idref="oc-11d"/>
      </symbol>
      <symbol id="sm-8d8">
         <name>_system_pre_init</name>
         <value>0x5755</value>
         <object_component_ref idref="oc-9c"/>
      </symbol>
      <symbol id="sm-8e4">
         <name>C$$EXIT</name>
         <value>0x5759</value>
         <object_component_ref idref="oc-111"/>
      </symbol>
      <symbol id="sm-8e5">
         <name>abort</name>
         <value>0x5759</value>
         <object_component_ref idref="oc-111"/>
      </symbol>
      <symbol id="sm-8fa">
         <name>_nop</name>
         <value>0x23f3</value>
         <object_component_ref idref="oc-312"/>
      </symbol>
      <symbol id="sm-8fb">
         <name>_lock</name>
         <value>0x20003148</value>
         <object_component_ref idref="oc-247"/>
      </symbol>
      <symbol id="sm-8fc">
         <name>_unlock</name>
         <value>0x2000314c</value>
         <object_component_ref idref="oc-247"/>
      </symbol>
      <symbol id="sm-90b">
         <name>__TI_ltoa</name>
         <value>0x5227</value>
         <object_component_ref idref="oc-3c7"/>
      </symbol>
      <symbol id="sm-922">
         <name>atoi</name>
         <value>0x52cd</value>
         <object_component_ref idref="oc-33f"/>
      </symbol>
      <symbol id="sm-92d">
         <name>_ctypes_</name>
         <value>0x575c</value>
         <object_component_ref idref="oc-3bc"/>
      </symbol>
      <symbol id="sm-93d">
         <name>memccpy</name>
         <value>0x5601</value>
         <object_component_ref idref="oc-363"/>
      </symbol>
      <symbol id="sm-94d">
         <name>strchr</name>
         <value>0x5697</value>
         <object_component_ref idref="oc-3f4"/>
      </symbol>
      <symbol id="sm-963">
         <name>__aeabi_errno_addr</name>
         <value>0x5745</value>
         <object_component_ref idref="oc-36f"/>
      </symbol>
      <symbol id="sm-964">
         <name>errno</name>
         <value>0x20003160</value>
         <object_component_ref idref="oc-404"/>
      </symbol>
      <symbol id="sm-97d">
         <name>wcslen</name>
         <value>0x56d5</value>
         <object_component_ref idref="oc-369"/>
      </symbol>
      <symbol id="sm-99d">
         <name>frexpl</name>
         <value>0x516d</value>
         <object_component_ref idref="oc-3e8"/>
      </symbol>
      <symbol id="sm-99e">
         <name>frexp</name>
         <value>0x516d</value>
         <object_component_ref idref="oc-3e8"/>
      </symbol>
      <symbol id="sm-9bb">
         <name>scalbn</name>
         <value>0x4481</value>
         <object_component_ref idref="oc-3ee"/>
      </symbol>
      <symbol id="sm-9bc">
         <name>scalbnl</name>
         <value>0x4481</value>
         <object_component_ref idref="oc-3ee"/>
      </symbol>
      <symbol id="sm-9bd">
         <name>ldexpl</name>
         <value>0x4481</value>
         <object_component_ref idref="oc-3ee"/>
      </symbol>
      <symbol id="sm-9be">
         <name>ldexp</name>
         <value>0x4481</value>
         <object_component_ref idref="oc-3ee"/>
      </symbol>
      <symbol id="sm-9c8">
         <name>__aeabi_idiv0</name>
         <value>0x3f4b</value>
         <object_component_ref idref="oc-42a"/>
      </symbol>
      <symbol id="sm-9c9">
         <name>__aeabi_ldiv0</name>
         <value>0x3f4b</value>
         <object_component_ref idref="oc-42a"/>
      </symbol>
      <symbol id="sm-9d3">
         <name>copysign</name>
         <value>0x561d</value>
         <object_component_ref idref="oc-43d"/>
      </symbol>
      <symbol id="sm-9d4">
         <name>copysignl</name>
         <value>0x561d</value>
         <object_component_ref idref="oc-43d"/>
      </symbol>
      <symbol id="sm-a03">
         <name>IntRegister</name>
         <value>0x54d5</value>
         <object_component_ref idref="oc-151"/>
      </symbol>
      <symbol id="sm-a04">
         <name>g_pfnRAMVectors</name>
         <value>0x20000000</value>
         <object_component_ref idref="oc-263"/>
      </symbol>
      <symbol id="sm-a05">
         <name>IntMasterEnable</name>
         <value>0x56e7</value>
         <object_component_ref idref="oc-1c2"/>
      </symbol>
      <symbol id="sm-a0f">
         <name>CPUcpsie</name>
         <value>0x5715</value>
         <object_component_ref idref="oc-2d0"/>
      </symbol>
      <symbol id="sm-a10">
         <name>__TI_static_base__</name>
         <value>0x0</value>
      </symbol>
      <symbol id="sm-a13">
         <name>__mpu_init</name>
         <value>0x0</value>
      </symbol>
      <symbol id="sm-a14">
         <name>_system_post_cinit</name>
         <value>0x0</value>
      </symbol>
   </symbol_table>
   <title>Link successful</title>
</link_info>
