******************************************************************************
                  TI ARM Linker PC v20.2.7                     
******************************************************************************
>> Linked Mon May  4 17:34:41 2026

OUTPUT FILE NAME:   <integrated_1.out>
ENTRY POINT SYMBOL: "_c_int00_noargs"  address: 00005509


MEMORY CONFIGURATION

         name            origin    length      used     unused   attr    fill
----------------------  --------  ---------  --------  --------  ----  --------
  FLASH                 00000000   00040000  000058d4  0003a72c  R  X
  SRAM                  20000000   00008000  0000315d  00004ea3  RW X


SEGMENT ALLOCATION MAP

run origin  load origin   length   init length attrs members
----------  ----------- ---------- ----------- ----- -------
00000000    00000000    000058d8   000058d8    r-x
  00000000    00000000    0000026c   0000026c    r-- .intvecs
  0000026c    0000026c    000054f0   000054f0    r-x .text
  0000575c    0000575c    00000118   00000118    r-- .const
  00005878    00005878    00000060   00000060    r-- .cinit
20000000    20000000    00003164   00000000    rw-
  20000000    20000000    0000026c   00000000    rw- .vtable
  20000270    20000270    00001000   00000000    rw- .stack
  20001270    20001270    00001000   00000000    rw- .sysmem
  20002270    20002270    00000e75   00000000    rw- .bss
  200030e8    200030e8    0000007c   00000000    rw- .data


SECTION ALLOCATION MAP

 output                                  attributes/
section   page    origin      length       input sections
--------  ----  ----------  ----------   ----------------
.intvecs   0    00000000    0000026c     
                  00000000    0000026c     tm4c123gh6pm_startup_ccs.obj (.intvecs)

.text      0    0000026c    000054f0     
                  0000026c    00000c20     open_interface.obj (.text)
                  00000e8c    00000b18     world_map.obj (.text)
                  000019a4    00000a4e     rtsv7M4_T_le_v4SPD16_eabi.lib : _printfi.c.obj (.text:__TI_printfi)
                  000023f2    00000002                                   : _lock.c.obj (.text:_nop)
                  000023f4    000003b8     movement.obj (.text)
                  000027ac    00000348     servo.obj (.text)
                  00002af4    00000328     lcd.obj (.text)
                  00002e1c    000002dc     boundary_detection.obj (.text)
                  000030f8    00000280     ping.obj (.text)
                  00003378    00000270     rtsv7M4_T_le_v4SPD16_eabi.lib : _printfi.c.obj (.text:_pconv_a)
                  000035e8    00000248     Timer.obj (.text)
                  00003830    000001dc     uart-interrupt.obj (.text)
                  00003a0c    000001d0     rtsv7M4_T_le_v4SPD16_eabi.lib : _printfi.c.obj (.text:_pconv_g)
                  00003bdc    000001b8     scan.obj (.text)
                  00003d94    000001b6     rtsv7M4_T_le_v4SPD16_eabi.lib : fd_add_t2.asm.obj (.text)
                  00003f4a    00000002                                   : div0.asm.obj (.text)
                  00003f4c    0000019c     manual_movement.obj (.text)
                  000040e8    0000013c     rtsv7M4_T_le_v4SPD16_eabi.lib : _printfi.c.obj (.text:_pconv_e)
                  00004224    00000136                                   : fd_div_t2.asm.obj (.text)
                  0000435a    00000002     --HOLE-- [fill = 0]
                  0000435c    00000124                                   : _printfi.c.obj (.text:fcvt)
                  00004480    00000110                                   : s_scalbn.c.obj (.text:scalbn)
                  00004590    00000100                                   : memory.c.obj (.text:aligned_alloc)
                  00004690    000000fc                                   : fd_mul_t2.asm.obj (.text)
                  0000478c    000000e4     adc.obj (.text)
                  00004870    000000e4     rtsv7M4_T_le_v4SPD16_eabi.lib : memory.c.obj (.text:free)
                  00004954    000000b4                                   : s_cosf.c.obj (.text:cosf)
                  00004a08    000000b1                                   : _printfi.c.obj (.text:_ltostr)
                  00004ab9    00000003     --HOLE-- [fill = 0]
                  00004abc    000000ac                                   : s_tanf.c.obj (.text:tanf)
                  00004b68    000000a4                                   : s_sinf.c.obj (.text:sinf)
                  00004c0c    0000009c                                   : memcpy_t2.asm.obj (.text)
                  00004ca8    00000096                                   : ull_div_t2.asm.obj (.text)
                  00004d3e    00000002     --HOLE-- [fill = 0]
                  00004d40    00000088     button.obj (.text)
                  00004dc8    00000086     rtsv7M4_T_le_v4SPD16_eabi.lib : fd_cmp_t2.asm.obj (.text:__aeabi_cdcmple)
                  00004e4e    00000086                                   : fd_cmp_t2.asm.obj (.text:__aeabi_cdrcmple)
                  00004ed4    0000007a                                   : memset_t2.asm.obj (.text)
                  00004f4e    00000002     --HOLE-- [fill = 0]
                  00004f50    00000070                                   : memory.c.obj (.text:split)
                  00004fc0    0000006e                                   : _printfi.c.obj (.text:_mcpy)
                  0000502e    0000006e                                   : fd_tos_t2.asm.obj (.text)
                  0000509c    00000068                                   : copy_decompress_lzss.c.obj (.text:decompress:lzss:__TI_decompress_lzss)
                  00005104    00000068     main.obj (.text)
                  0000516c    00000064     rtsv7M4_T_le_v4SPD16_eabi.lib : s_frexp.c.obj (.text:frexp)
                  000051d0    00000056                                   : _printfi.c.obj (.text:_pconv_f)
                  00005226    00000054                                   : _ltoa.c.obj (.text:__TI_ltoa)
                  0000527a    00000052                                   : _printfi.c.obj (.text:_ecpy)
                  000052cc    0000004c                                   : atoi.c.obj (.text:atoi)
                  00005318    00000048                                   : fd_toi_t2.asm.obj (.text)
                  00005360    00000044                                   : autoinit.c.obj (.text:__TI_auto_init_nobinit_nopinit:__TI_auto_init_nobinit_nopinit)
                  000053a4    00000040                                   : sprintf.c.obj (.text:sprintf)
                  000053e4    00000040                                   : vsnprintf.c.obj (.text:vsnprintf)
                  00005424    0000003e                                   : _printfi.c.obj (.text:_fcpy)
                  00005462    00000002     --HOLE-- [fill = 0]
                  00005464    00000038                                   : memory.c.obj (.text:calloc)
                  0000549c    00000038                                   : fs_tod_t2.asm.obj (.text)
                  000054d4    00000034     driverlib.lib : interrupt.obj (.text:IntRegister)
                  00005508    00000034     rtsv7M4_T_le_v4SPD16_eabi.lib : boot_cortex_m.c.obj (.text:_c_int00_noargs:_c_int00_noargs)
                  0000553c    00000030                                   : vsnprintf.c.obj (.text:_outs)
                  0000556c    0000002e                                   : i_tofd_t2.asm.obj (.text)
                  0000559a    00000002     --HOLE-- [fill = 0]
                  0000559c    00000028                                   : memory.c.obj (.text:free_list_insert)
                  000055c4    00000020                                   : u_tofd_t2.asm.obj (.text)
                  000055e4    0000001c                                   : memory.c.obj (.text:free_list_remove)
                  00005600    0000001c                                   : memccpy.c.obj (.text:memccpy)
                  0000561c    0000001a                                   : s_copysign.c.obj (.text:copysign)
                  00005636    00000018                                   : vsnprintf.c.obj (.text:_outc)
                  0000564e    00000018                                   : sprintf.c.obj (.text:_outs)
                  00005666    00000018     open_interface.obj (.text:oi_parseInt)
                  0000567e    00000018     rtsv7M4_T_le_v4SPD16_eabi.lib : strcmp.c.obj (.text:strcmp)
                  00005696    00000016                                   : strchr.c.obj (.text:strchr)
                  000056ac    00000014                                   : strcpy.c.obj (.text:strcpy)
                  000056c0    00000014                                   : strlen.c.obj (.text:strlen)
                  000056d4    00000012                                   : wcslen.c.obj (.text:wcslen)
                  000056e6    00000010     driverlib.lib : interrupt.obj (.text:IntMasterEnable)
                  000056f6    00000010     lcd.obj (.text:lcd_clear)
                  00005706    0000000e     rtsv7M4_T_le_v4SPD16_eabi.lib : copy_decompress_none.c.obj (.text:decompress:none:__TI_decompress_none)
                  00005714    0000000c     driverlib.lib : cpu.obj (.text:CPUcpsie)
                  00005720    0000000c     rtsv7M4_T_le_v4SPD16_eabi.lib : copy_zero_init.c.obj (.text:decompress:ZI:__TI_zero_init)
                  0000572c    0000000c     tm4c123gh6pm_startup_ccs.obj (.text)
                  00005738    0000000a     rtsv7M4_T_le_v4SPD16_eabi.lib : sprintf.c.obj (.text:_outc)
                  00005742    00000002     --HOLE-- [fill = 0]
                  00005744    00000008                                   : errno.c.obj (.text:__aeabi_errno_addr)
                  0000574c    00000008                                   : memory.c.obj (.text:malloc)
                  00005754    00000004                                   : pre_init.c.obj (.text:_system_pre_init)
                  00005758    00000004                                   : exit.c.obj (.text:abort:abort)

.const     0    0000575c    00000118     
                  0000575c    00000101     rtsv7M4_T_le_v4SPD16_eabi.lib : ctype.c.obj (.const:.string:_ctypes_)
                  0000585d    0000000f     open_interface.obj (.const:.string:$P$T0$3)
                  0000586c    00000004     lcd.obj (.const:.string:lineAddress$1)
                  00005870    00000004     lcd.obj (.const:.string:lineAddresses$2)

.cinit     0    00005878    00000060     
                  00005878    0000002a     (.cinit..data.load) [load image, compression = lzss]
                  000058a2    00000002     --HOLE-- [fill = 0]
                  000058a4    0000000c     (__TI_handler_table)
                  000058b0    00000008     (.cinit..bss.load) [load image, compression = zero_init]
                  000058b8    00000008     (.cinit..vtable.load) [load image, compression = zero_init]
                  000058c0    00000018     (__TI_cinit_table)

.init_array 
*          0    00000000    00000000     UNINITIALIZED

.vtable    0    20000000    0000026c     UNINITIALIZED
                  20000000    0000026c     driverlib.lib : interrupt.obj (.vtable)

.stack     0    20000270    00001000     UNINITIALIZED
                  20000270    00000004     rtsv7M4_T_le_v4SPD16_eabi.lib : boot_cortex_m.c.obj (.stack)
                  20000274    00000ffc     --HOLE--

.sysmem    0    20001270    00001000     UNINITIALIZED
                  20001270    00000010     rtsv7M4_T_le_v4SPD16_eabi.lib : memory.c.obj (.sysmem)
                  20001280    00000ff0     --HOLE--

.bss       0    20002270    00000e75     UNINITIALIZED
                  20002270    0000087c     world_map.obj (.bss:scan_buf)
                  20002aec    00000300     world_map.obj (.bss:boundaries)
                  20002dec    00000280     world_map.obj (.bss:objects)
                  2000306c    00000054     lcd.obj (.bss:lastbuffer$3)
                  200030c0    00000018     open_interface.obj (.bss:firmware$2)
                  200030d8    00000004     (.common:_timeout_ticks)
                  200030dc    00000004     (.common:left_calibration)
                  200030e0    00000004     (.common:right_calibration)
                  200030e4    00000001     (.common:enable_config)

.data      0    200030e8    0000007c     UNINITIALIZED
                  200030e8    00000020     open_interface.obj (.data)
                  20003108    00000010     boundary_detection.obj (.data)
                  20003118    0000000c     world_map.obj (.data:bot_pose)
                  20003124    00000009     manual_movement.obj (.data)
                  2000312d    00000001     Timer.obj (.data)
                  2000312e    00000002     servo.obj (.data)
                  20003130    00000009     ping.obj (.data)
                  20003139    00000001     button.obj (.data)
                  2000313a    00000002     --HOLE--
                  2000313c    00000009     uart-interrupt.obj (.data)
                  20003145    00000003     --HOLE--
                  20003148    00000008     rtsv7M4_T_le_v4SPD16_eabi.lib : _lock.c.obj (.data:$O1$$)
                  20003150    00000008                                   : memory.c.obj (.data:$O1$$)
                  20003158    00000008     world_map.obj (.data)
                  20003160    00000004     rtsv7M4_T_le_v4SPD16_eabi.lib : errno.c.obj (.data)

__llvm_prf_cnts 
*          0    20000000    00000000     UNINITIALIZED

MODULE SUMMARY

       Module                         code    ro data   rw data
       ------                         ----    -------   -------
    .\
       world_map.obj                  2840    0         3600   
       open_interface.obj             3128    15        56     
       movement.obj                   952     0         0      
       lcd.obj                        824     8         84     
       servo.obj                      840     0         2      
       boundary_detection.obj         732     0         16     
       ping.obj                       640     0         9      
       tm4c123gh6pm_startup_ccs.obj   12      620       0      
       Timer.obj                      584     0         5      
       uart-interrupt.obj             476     0         9      
       scan.obj                       440     0         1      
       manual_movement.obj            412     0         9      
       adc.obj                        228     0         0      
       button.obj                     136     0         1      
       main.obj                       104     0         8      
    +--+------------------------------+-------+---------+---------+
       Total:                         12348   643       3800   
                                                               
    C:/ti/TivaWare_C_Series-2.2.0.295/driverlib/ccs/Debug/driverlib.lib
       interrupt.obj                  68      0         620    
       cpu.obj                        12      0         0      
    +--+------------------------------+-------+---------+---------+
       Total:                         80      0         620    
                                                               
    C:\ti\ccs1271\ccs\tools\compiler\ti-cgt-arm_20.2.7.LTS\lib\rtsv7M4_T_le_v4SPD16_eabi.lib
       _printfi.c.obj                 4851    0         0      
       memory.c.obj                   728     0         8      
       fd_add_t2.asm.obj              438     0         0      
       fd_div_t2.asm.obj              310     0         0      
       s_scalbn.c.obj                 272     0         0      
       fd_cmp_t2.asm.obj              268     0         0      
       ctype.c.obj                    0       257       0      
       fd_mul_t2.asm.obj              252     0         0      
       s_cosf.c.obj                   180     0         0      
       s_tanf.c.obj                   172     0         0      
       s_sinf.c.obj                   164     0         0      
       memcpy_t2.asm.obj              156     0         0      
       ull_div_t2.asm.obj             150     0         0      
       vsnprintf.c.obj                136     0         0      
       memset_t2.asm.obj              122     0         0      
       fd_tos_t2.asm.obj              110     0         0      
       copy_decompress_lzss.c.obj     104     0         0      
       s_frexp.c.obj                  100     0         0      
       sprintf.c.obj                  98      0         0      
       _ltoa.c.obj                    84      0         0      
       atoi.c.obj                     76      0         0      
       fd_toi_t2.asm.obj              72      0         0      
       autoinit.c.obj                 68      0         0      
       fs_tod_t2.asm.obj              56      0         0      
       boot_cortex_m.c.obj            52      0         0      
       i_tofd_t2.asm.obj              46      0         0      
       u_tofd_t2.asm.obj              32      0         0      
       memccpy.c.obj                  28      0         0      
       s_copysign.c.obj               26      0         0      
       strcmp.c.obj                   24      0         0      
       strchr.c.obj                   22      0         0      
       strcpy.c.obj                   20      0         0      
       strlen.c.obj                   20      0         0      
       wcslen.c.obj                   18      0         0      
       copy_decompress_none.c.obj     14      0         0      
       copy_zero_init.c.obj           12      0         0      
       errno.c.obj                    8       0         4      
       _lock.c.obj                    2       0         8      
       exit.c.obj                     4       0         0      
       pre_init.c.obj                 4       0         0      
       div0.asm.obj                   2       0         0      
    +--+------------------------------+-------+---------+---------+
       Total:                         9301    257       20     
                                                               
       Heap:                          0       0         4096   
       Stack:                         0       0         4096   
       Linker Generated:              0       94        0      
    +--+------------------------------+-------+---------+---------+
       Grand Total:                   21729   994       12632  


LINKER GENERATED COPY TABLES

__TI_cinit_table @ 000058c0 records: 3, size/record: 8, table size: 24
	.data: load addr=00005878, load size=0000002a bytes, run addr=200030e8, run size=0000007c bytes, compression=lzss
	.bss: load addr=000058b0, load size=00000008 bytes, run addr=20002270, run size=00000e75 bytes, compression=zero_init
	.vtable: load addr=000058b8, load size=00000008 bytes, run addr=20000000, run size=0000026c bytes, compression=zero_init


LINKER GENERATED HANDLER TABLE

__TI_handler_table @ 000058a4 records: 3, size/record: 4, table size: 12
	index: 0, handler: __TI_zero_init
	index: 1, handler: __TI_decompress_lzss
	index: 2, handler: __TI_decompress_none


GLOBAL SYMBOLS: SORTED ALPHABETICALLY BY Name 

address   name                          
-------   ----                          
00005759  C$$EXIT                       
00005715  CPUcpsie                      
00000bc3  GPIOF_Handler                 
000056e7  IntMasterEnable               
000054d5  IntRegister                   
0000572d  ResetISR                      
00003251  TIMER3B_Handler               
0000395f  UART1_Handler                 
20001270  __STACK_END                   
00001000  __STACK_SIZE                  
20000470  __STACK_TOP                   
00001000  __SYSMEM_SIZE                 
000058c0  __TI_CINIT_Base               
000058d8  __TI_CINIT_Limit              
000058a4  __TI_Handler_Table_Base       
000058b0  __TI_Handler_Table_Limit      
00005361  __TI_auto_init_nobinit_nopinit
0000509d  __TI_decompress_lzss          
00005707  __TI_decompress_none          
00005227  __TI_ltoa                     
ffffffff  __TI_pprof_out_hndl           
000019a5  __TI_printfi                  
ffffffff  __TI_prof_data_size           
ffffffff  __TI_prof_data_start          
00000000  __TI_static_base__            
00005721  __TI_zero_init                
00004dc9  __aeabi_cdcmpeq               
00004dc9  __aeabi_cdcmple               
00004e4f  __aeabi_cdrcmple              
0000502f  __aeabi_d2f                   
00005319  __aeabi_d2iz                  
00003d9f  __aeabi_dadd                  
00004225  __aeabi_ddiv                  
00004691  __aeabi_dmul                  
00003d95  __aeabi_dsub                  
00005745  __aeabi_errno_addr            
0000549d  __aeabi_f2d                   
0000556d  __aeabi_i2d                   
00003f4b  __aeabi_idiv0                 
00003f4b  __aeabi_ldiv0                 
00004ed5  __aeabi_memclr                
00004ed5  __aeabi_memclr4               
00004ed5  __aeabi_memclr8               
00004c0d  __aeabi_memcpy                
00004c0d  __aeabi_memcpy4               
00004c0d  __aeabi_memcpy8               
00004ed7  __aeabi_memset                
00004ed7  __aeabi_memset4               
00004ed7  __aeabi_memset8               
000055c5  __aeabi_ui2d                  
00004ca9  __aeabi_uldivmod              
ffffffff  __binit__                     
ffffffff  __c_args__                    
UNDEFED   __mpu_init                    
20000270  __stack                       
20000000  __start___llvm_prf_cnts       
20000000  __stop___llvm_prf_cnts        
00005509  _c_int00_noargs               
0000575c  _ctypes_                      
20003148  _lock                         
000023f3  _nop                          
2000312d  _running                      
20001270  _sys_memory                   
UNDEFED   _system_post_cinit            
00005755  _system_pre_init              
200030d8  _timeout_ticks                
2000314c  _unlock                       
00005759  abort                         
0000478d  adc_init                      
00004805  adc_read                      
00004591  aligned_alloc                 
000052cd  atoi                          
00002ebb  avoid_hole_boundary           
ffffffff  binit                         
00000ff3  body_to_world                 
20003118  bot_pose                      
000026f1  bump_Left                     
0000272f  bump_Right                    
00004d75  button_getButton              
00004d41  button_init                   
00005465  calloc                        
2000310c  cliffFrontLeft                
20003110  cliffFrontRight               
20003108  cliffLeft                     
20003114  cliffRight                    
0000561d  copysign                      
0000561d  copysignl                     
00004955  cosf                          
200030e4  enable_config                 
20003160  errno                         
00004871  free                          
0000516d  frexp                         
0000516d  frexpl                        
20003134  g_end_time                    
20000000  g_pfnRAMVectors               
00000000  g_pfnVectors                  
20003130  g_start_time                  
20003138  g_state                       
20003144  global_char                   
0000097f  go_charge                     
2000312c  input                         
000056f7  lcd_clear                     
00002cc9  lcd_gotoLine                  
00002b31  lcd_init                      
00002d2f  lcd_printf                    
00002bf1  lcd_putc                      
00002c29  lcd_puts                      
00002af5  lcd_reverseNibble             
00002c47  lcd_sendCommand               
00002c85  lcd_sendNibble                
00002cf1  lcd_setCursorPos              
00004481  ldexp                         
00004481  ldexpl                        
200030dc  left_calibration              
00005105  main                          
0000574d  malloc                        
00003fc7  manual_driving                
00004591  memalign                      
00005601  memccpy                       
00004c0d  memcpy                        
00004edd  memset                        
200030e8  motor_cal_factor_L            
200030ec  motor_cal_factor_R            
000024c3  move_backward                 
000023f5  move_forward                  
20003140  new_char_flag                 
0000026d  oi_alloc                      
00000aa9  oi_checkFirmware              
000002c7  oi_close                      
00000279  oi_free                       
00000ded  oi_getMotorCalibrationLeft    
00000e01  oi_getMotorCalibrationRight   
000002b1  oi_init                       
00000289  oi_init_noupdate              
00000915  oi_loadSong                   
00005667  oi_parseInt                   
0000032b  oi_parsePacket                
0000096b  oi_play_song                  
0000084b  oi_setLeds                    
00000db1  oi_setMotorCalibration        
0000088f  oi_setWheels                  
00000b51  oi_shutoff_init               
0000098d  oi_uartInit                   
00000a31  oi_uartReceive                
00000a77  oi_uartSendBuff               
00000a15  oi_uartSendChar               
00000a59  oi_uartSendStr                
000002d9  oi_update                     
00003295  ping_getDistance              
000032dd  ping_getDistanceFromWidth     
000030f9  ping_init                     
000031c9  ping_trigger                  
00000f51  pose_update                   
2000313c  received_char                 
00003957  reset_flag                    
00003949  reset_global_char             
00003943  return_character              
00003951  return_flag                   
200030e0  right_calibration             
00004481  scalbn                        
00004481  scalbnl                       
00003cbb  scan                          
00003bf5  scan_feature_enable           
00003bdd  scan_init                     
00003c09  scan_range                    
00002e93  send_cliff_lcd                
00002e47  send_cliff_uart               
00002855  servo_calibrate               
000027ad  servo_init                    
00002949  servo_move                    
00004b69  sinf                          
000053a5  sprintf                       
00005697  strchr                        
0000567f  strcmp                        
000056ad  strcpy                        
000056c1  strlen                        
00004abd  tanf                          
00003707  timer_getMicros               
000036af  timer_getMillis               
000035e9  timer_init                    
0000368b  timer_pause                   
0000369d  timer_resume                  
00003661  timer_stop                    
00003761  timer_waitMicros              
00003793  timer_waitMillis              
0000260b  turn_left                     
00002541  turn_right                    
00003831  uart_interrupt_init           
00003911  uart_receive                  
000038f5  uart_sendChar                 
00003925  uart_sendStr                  
00002e1d  update_cliff_sensors          
000053e5  vsnprintf                     
000056d5  wcslen                        
00001319  world_map_finalize_scan       
00000f1d  world_map_init                
00001539  world_map_log_boundary        
0000106d  world_map_observe             
000016bd  world_map_print               
00001643  world_map_print_pose          
00000f49  world_map_reset               


GLOBAL SYMBOLS: SORTED BY Symbol Address 

address   name                          
-------   ----                          
00000000  __TI_static_base__            
00000000  g_pfnVectors                  
0000026d  oi_alloc                      
00000279  oi_free                       
00000289  oi_init_noupdate              
000002b1  oi_init                       
000002c7  oi_close                      
000002d9  oi_update                     
0000032b  oi_parsePacket                
0000084b  oi_setLeds                    
0000088f  oi_setWheels                  
00000915  oi_loadSong                   
0000096b  oi_play_song                  
0000097f  go_charge                     
0000098d  oi_uartInit                   
00000a15  oi_uartSendChar               
00000a31  oi_uartReceive                
00000a59  oi_uartSendStr                
00000a77  oi_uartSendBuff               
00000aa9  oi_checkFirmware              
00000b51  oi_shutoff_init               
00000bc3  GPIOF_Handler                 
00000db1  oi_setMotorCalibration        
00000ded  oi_getMotorCalibrationLeft    
00000e01  oi_getMotorCalibrationRight   
00000f1d  world_map_init                
00000f49  world_map_reset               
00000f51  pose_update                   
00000ff3  body_to_world                 
00001000  __STACK_SIZE                  
00001000  __SYSMEM_SIZE                 
0000106d  world_map_observe             
00001319  world_map_finalize_scan       
00001539  world_map_log_boundary        
00001643  world_map_print_pose          
000016bd  world_map_print               
000019a5  __TI_printfi                  
000023f3  _nop                          
000023f5  move_forward                  
000024c3  move_backward                 
00002541  turn_right                    
0000260b  turn_left                     
000026f1  bump_Left                     
0000272f  bump_Right                    
000027ad  servo_init                    
00002855  servo_calibrate               
00002949  servo_move                    
00002af5  lcd_reverseNibble             
00002b31  lcd_init                      
00002bf1  lcd_putc                      
00002c29  lcd_puts                      
00002c47  lcd_sendCommand               
00002c85  lcd_sendNibble                
00002cc9  lcd_gotoLine                  
00002cf1  lcd_setCursorPos              
00002d2f  lcd_printf                    
00002e1d  update_cliff_sensors          
00002e47  send_cliff_uart               
00002e93  send_cliff_lcd                
00002ebb  avoid_hole_boundary           
000030f9  ping_init                     
000031c9  ping_trigger                  
00003251  TIMER3B_Handler               
00003295  ping_getDistance              
000032dd  ping_getDistanceFromWidth     
000035e9  timer_init                    
00003661  timer_stop                    
0000368b  timer_pause                   
0000369d  timer_resume                  
000036af  timer_getMillis               
00003707  timer_getMicros               
00003761  timer_waitMicros              
00003793  timer_waitMillis              
00003831  uart_interrupt_init           
000038f5  uart_sendChar                 
00003911  uart_receive                  
00003925  uart_sendStr                  
00003943  return_character              
00003949  reset_global_char             
00003951  return_flag                   
00003957  reset_flag                    
0000395f  UART1_Handler                 
00003bdd  scan_init                     
00003bf5  scan_feature_enable           
00003c09  scan_range                    
00003cbb  scan                          
00003d95  __aeabi_dsub                  
00003d9f  __aeabi_dadd                  
00003f4b  __aeabi_idiv0                 
00003f4b  __aeabi_ldiv0                 
00003fc7  manual_driving                
00004225  __aeabi_ddiv                  
00004481  ldexp                         
00004481  ldexpl                        
00004481  scalbn                        
00004481  scalbnl                       
00004591  aligned_alloc                 
00004591  memalign                      
00004691  __aeabi_dmul                  
0000478d  adc_init                      
00004805  adc_read                      
00004871  free                          
00004955  cosf                          
00004abd  tanf                          
00004b69  sinf                          
00004c0d  __aeabi_memcpy                
00004c0d  __aeabi_memcpy4               
00004c0d  __aeabi_memcpy8               
00004c0d  memcpy                        
00004ca9  __aeabi_uldivmod              
00004d41  button_init                   
00004d75  button_getButton              
00004dc9  __aeabi_cdcmpeq               
00004dc9  __aeabi_cdcmple               
00004e4f  __aeabi_cdrcmple              
00004ed5  __aeabi_memclr                
00004ed5  __aeabi_memclr4               
00004ed5  __aeabi_memclr8               
00004ed7  __aeabi_memset                
00004ed7  __aeabi_memset4               
00004ed7  __aeabi_memset8               
00004edd  memset                        
0000502f  __aeabi_d2f                   
0000509d  __TI_decompress_lzss          
00005105  main                          
0000516d  frexp                         
0000516d  frexpl                        
00005227  __TI_ltoa                     
000052cd  atoi                          
00005319  __aeabi_d2iz                  
00005361  __TI_auto_init_nobinit_nopinit
000053a5  sprintf                       
000053e5  vsnprintf                     
00005465  calloc                        
0000549d  __aeabi_f2d                   
000054d5  IntRegister                   
00005509  _c_int00_noargs               
0000556d  __aeabi_i2d                   
000055c5  __aeabi_ui2d                  
00005601  memccpy                       
0000561d  copysign                      
0000561d  copysignl                     
00005667  oi_parseInt                   
0000567f  strcmp                        
00005697  strchr                        
000056ad  strcpy                        
000056c1  strlen                        
000056d5  wcslen                        
000056e7  IntMasterEnable               
000056f7  lcd_clear                     
00005707  __TI_decompress_none          
00005715  CPUcpsie                      
00005721  __TI_zero_init                
0000572d  ResetISR                      
00005745  __aeabi_errno_addr            
0000574d  malloc                        
00005755  _system_pre_init              
00005759  C$$EXIT                       
00005759  abort                         
0000575c  _ctypes_                      
000058a4  __TI_Handler_Table_Base       
000058b0  __TI_Handler_Table_Limit      
000058c0  __TI_CINIT_Base               
000058d8  __TI_CINIT_Limit              
20000000  __start___llvm_prf_cnts       
20000000  __stop___llvm_prf_cnts        
20000000  g_pfnRAMVectors               
20000270  __stack                       
20000470  __STACK_TOP                   
20001270  __STACK_END                   
20001270  _sys_memory                   
200030d8  _timeout_ticks                
200030dc  left_calibration              
200030e0  right_calibration             
200030e4  enable_config                 
200030e8  motor_cal_factor_L            
200030ec  motor_cal_factor_R            
20003108  cliffLeft                     
2000310c  cliffFrontLeft                
20003110  cliffFrontRight               
20003114  cliffRight                    
20003118  bot_pose                      
2000312c  input                         
2000312d  _running                      
20003130  g_start_time                  
20003134  g_end_time                    
20003138  g_state                       
2000313c  received_char                 
20003140  new_char_flag                 
20003144  global_char                   
20003148  _lock                         
2000314c  _unlock                       
20003160  errno                         
ffffffff  __TI_pprof_out_hndl           
ffffffff  __TI_prof_data_size           
ffffffff  __TI_prof_data_start          
ffffffff  __binit__                     
ffffffff  __c_args__                    
ffffffff  binit                         
UNDEFED   __mpu_init                    
UNDEFED   _system_post_cinit            

[201 symbols]
